Component: ARM Compiler 5.06 update 7 (build 960) Tool: armlink [4d3601]

==============================================================================

Section Cross References

    startup_stm32f030x6.o(RESET) refers to startup_stm32f030x6.o(STACK) for __initial_sp
    startup_stm32f030x6.o(RESET) refers to startup_stm32f030x6.o(.text) for Reset_Handler
    startup_stm32f030x6.o(RESET) refers to stm32f0xx_it.o(i.NMI_Handler) for NMI_Handler
    startup_stm32f030x6.o(RESET) refers to stm32f0xx_it.o(i.HardFault_Handler) for HardFault_Handler
    startup_stm32f030x6.o(RESET) refers to stm32f0xx_it.o(i.SVC_Handler) for SVC_Handler
    startup_stm32f030x6.o(RESET) refers to stm32f0xx_it.o(i.PendSV_Handler) for PendSV_Handler
    startup_stm32f030x6.o(RESET) refers to stm32f0xx_it.o(i.SysTick_Handler) for SysTick_Handler
    startup_stm32f030x6.o(.text) refers to system_stm32f0xx.o(i.SystemInit) for SystemInit
    startup_stm32f030x6.o(.text) refers to entry.o(.ARM.Collect$$$$00000000) for __main
    sensirion_common.o(i.sensirion_common_check_crc) refers to sensirion_common.o(i.sensirion_common_generate_crc) for sensirion_common_generate_crc
    sgp30.o(i.read_measurement) refers to sgp30.o(i.sgp_i2c_read_words) for sgp_i2c_read_words
    sgp30.o(i.read_measurement) refers to sgp30.o(i.unpack_signals) for unpack_signals
    sgp30.o(i.read_measurement) refers to sgp30.o(.bss) for client_data
    sgp30.o(i.sgp_detect_featureset_version) refers to sgp30.o(.bss) for client_data
    sgp30.o(i.sgp_detect_featureset_version) refers to sgp30.o(.constdata) for sgp_features_unknown
    sgp30.o(i.sgp_detect_featureset_version) refers to sgp30_featureset.o(.constdata) for sgp_supported_featuresets
    sgp30.o(i.sgp_fill_cmd_send_buf) refers to sensirion_common.o(i.sensirion_common_generate_crc) for sensirion_common_generate_crc
    sgp30.o(i.sgp_get_feature_set_version) refers to sgp30.o(.bss) for client_data
    sgp30.o(i.sgp_get_iaq_baseline) refers to sgp30.o(i.sgp_run_profile_by_number) for sgp_run_profile_by_number
    sgp30.o(i.sgp_get_iaq_baseline) refers to sgp30.o(.bss) for client_data
    sgp30.o(i.sgp_get_profile_by_number) refers to sgp30.o(.bss) for client_data
    sgp30.o(i.sgp_i2c_read_words) refers to sw_i2c.o(i.sensirion_i2c_read) for sensirion_i2c_read
    sgp30.o(i.sgp_i2c_read_words) refers to sensirion_common.o(i.sensirion_common_check_crc) for sensirion_common_check_crc
    sgp30.o(i.sgp_i2c_read_words_from_cmd) refers to sgp30.o(i.sgp_i2c_write) for sgp_i2c_write
    sgp30.o(i.sgp_i2c_read_words_from_cmd) refers to sensirion_configuration.o(i.sensirion_sleep_usec) for sensirion_sleep_usec
    sgp30.o(i.sgp_i2c_read_words_from_cmd) refers to sgp30.o(i.sgp_i2c_read_words) for sgp_i2c_read_words
    sgp30.o(i.sgp_i2c_write) refers to sw_i2c.o(i.sensirion_i2c_write) for sensirion_i2c_write
    sgp30.o(i.sgp_iaq_init) refers to sgp30.o(i.sgp_run_profile_by_number) for sgp_run_profile_by_number
    sgp30.o(i.sgp_measure_co2_eq) refers to sgp30.o(i.sgp_measure_iaq) for sgp_measure_iaq
    sgp30.o(i.sgp_measure_co2_eq_blocking_read) refers to sgp30.o(i.sgp_measure_iaq_blocking_read) for sgp_measure_iaq_blocking_read
    sgp30.o(i.sgp_measure_iaq) refers to sgp30.o(i.sgp_get_profile_by_number) for sgp_get_profile_by_number
    sgp30.o(i.sgp_measure_iaq) refers to sgp30.o(i.sgp_i2c_write) for sgp_i2c_write
    sgp30.o(i.sgp_measure_iaq) refers to sgp30.o(.bss) for client_data
    sgp30.o(i.sgp_measure_iaq_blocking_read) refers to sgp30.o(i.sgp_run_profile_by_number) for sgp_run_profile_by_number
    sgp30.o(i.sgp_measure_iaq_blocking_read) refers to sgp30.o(.bss) for client_data
    sgp30.o(i.sgp_measure_signals) refers to sgp30.o(i.sgp_get_profile_by_number) for sgp_get_profile_by_number
    sgp30.o(i.sgp_measure_signals) refers to sgp30.o(i.sgp_i2c_write) for sgp_i2c_write
    sgp30.o(i.sgp_measure_signals) refers to sgp30_featureset.o(.constdata) for PROFILE_NUMBER_MEASURE_SIGNALS
    sgp30.o(i.sgp_measure_signals) refers to sgp30.o(.bss) for client_data
    sgp30.o(i.sgp_measure_signals_blocking_read) refers to sgp30.o(i.sgp_run_profile_by_number) for sgp_run_profile_by_number
    sgp30.o(i.sgp_measure_signals_blocking_read) refers to sgp30_featureset.o(.constdata) for PROFILE_NUMBER_MEASURE_SIGNALS
    sgp30.o(i.sgp_measure_signals_blocking_read) refers to sgp30.o(.bss) for client_data
    sgp30.o(i.sgp_measure_test) refers to sgp30.o(i.sgp_i2c_write) for sgp_i2c_write
    sgp30.o(i.sgp_measure_test) refers to sensirion_configuration.o(i.sensirion_sleep_usec) for sensirion_sleep_usec
    sgp30.o(i.sgp_measure_test) refers to sgp30.o(i.sgp_i2c_read_words) for sgp_i2c_read_words
    sgp30.o(i.sgp_measure_test) refers to sgp30.o(.constdata) for sgp_cmd_measure_test
    sgp30.o(i.sgp_measure_tvoc) refers to sgp30.o(i.sgp_measure_iaq) for sgp_measure_iaq
    sgp30.o(i.sgp_measure_tvoc_blocking_read) refers to sgp30.o(i.sgp_measure_iaq_blocking_read) for sgp_measure_iaq_blocking_read
[...]
    stm32f0xx_hal_i2c.o(i.I2C_Slave_ISR_IT) refers to stm32f0xx_hal_i2c.o(i.I2C_ITError) for I2C_ITError
    stm32f0xx_hal_i2c.o(i.I2C_Slave_ISR_IT) refers to stm32f0xx_hal_i2c.o(i.I2C_ITAddrCplt) for I2C_ITAddrCplt
    stm32f0xx_hal_i2c.o(i.I2C_TreatErrorCallback) refers to stm32f0xx_hal_i2c.o(i.HAL_I2C_AbortCpltCallback) for HAL_I2C_AbortCpltCallback
    stm32f0xx_hal_i2c.o(i.I2C_TreatErrorCallback) refers to stm32f0xx_hal_i2c.o(i.HAL_I2C_ErrorCallback) for HAL_I2C_ErrorCallback
    stm32f0xx_hal_i2c.o(i.I2C_WaitOnFlagUntilTimeout) refers to stm32f0xx_hal.o(i.HAL_GetTick) for HAL_GetTick
    stm32f0xx_hal_i2c.o(i.I2C_WaitOnRXNEFlagUntilTimeout) refers to stm32f0xx_hal_i2c.o(i.I2C_IsAcknowledgeFailed) for I2C_IsAcknowledgeFailed
    stm32f0xx_hal_i2c.o(i.I2C_WaitOnRXNEFlagUntilTimeout) refers to stm32f0xx_hal.o(i.HAL_GetTick) for HAL_GetTick
    stm32f0xx_hal_i2c.o(i.I2C_WaitOnSTOPFlagUntilTimeout) refers to stm32f0xx_hal_i2c.o(i.I2C_IsAcknowledgeFailed) for I2C_IsAcknowledgeFailed
    stm32f0xx_hal_i2c.o(i.I2C_WaitOnSTOPFlagUntilTimeout) refers to stm32f0xx_hal.o(i.HAL_GetTick) for HAL_GetTick
    stm32f0xx_hal_i2c.o(i.I2C_WaitOnTXISFlagUntilTimeout) refers to stm32f0xx_hal_i2c.o(i.I2C_IsAcknowledgeFailed) for I2C_IsAcknowledgeFailed
    stm32f0xx_hal_i2c.o(i.I2C_WaitOnTXISFlagUntilTimeout) refers to stm32f0xx_hal.o(i.HAL_GetTick) for HAL_GetTick
    stm32f0xx_hal_rcc.o(i.HAL_RCC_ClockConfig) refers to stm32f0xx_hal.o(i.HAL_GetTick) for HAL_GetTick
    stm32f0xx_hal_rcc.o(i.HAL_RCC_ClockConfig) refers to stm32f0xx_hal_rcc.o(i.HAL_RCC_GetSysClockFreq) for HAL_RCC_GetSysClockFreq
    stm32f0xx_hal_rcc.o(i.HAL_RCC_ClockConfig) refers to stm32f0xx_hal.o(i.HAL_InitTick) for HAL_InitTick
    stm32f0xx_hal_rcc.o(i.HAL_RCC_ClockConfig) refers to system_stm32f0xx.o(.constdata) for AHBPrescTable
    stm32f0xx_hal_rcc.o(i.HAL_RCC_ClockConfig) refers to system_stm32f0xx.o(.data) for SystemCoreClock
    stm32f0xx_hal_rcc.o(i.HAL_RCC_DeInit) refers to stm32f0xx_hal.o(i.HAL_GetTick) for HAL_GetTick
    stm32f0xx_hal_rcc.o(i.HAL_RCC_DeInit) refers to stm32f0xx_hal.o(i.HAL_InitTick) for HAL_InitTick
    stm32f0xx_hal_rcc.o(i.HAL_RCC_DeInit) refers to system_stm32f0xx.o(.data) for SystemCoreClock
    stm32f0xx_hal_rcc.o(i.HAL_RCC_DeInit) refers to stm32f0xx_hal.o(.data) for uwTickPrio
    stm32f0xx_hal_rcc.o(i.HAL_RCC_GetHCLKFreq) refers to system_stm32f0xx.o(.data) for SystemCoreClock
    stm32f0xx_hal_rcc.o(i.HAL_RCC_GetPCLK1Freq) refers to stm32f0xx_hal_rcc.o(i.HAL_RCC_GetHCLKFreq) for HAL_RCC_GetHCLKFreq
    stm32f0xx_hal_rcc.o(i.HAL_RCC_GetPCLK1Freq) refers to system_stm32f0xx.o(.constdata) for APBPrescTable
    stm32f0xx_hal_rcc.o(i.HAL_RCC_GetSysClockFreq) refers to uldiv.o(.text) for __aeabi_uldivmod
    stm32f0xx_hal_rcc.o(i.HAL_RCC_GetSysClockFreq) refers to sgp30.o(i.__ARM_common_ll_muluu) for __ARM_common_ll_muluu
    stm32f0xx_hal_rcc.o(i.HAL_RCC_MCOConfig) refers to stm32f0xx_hal_gpio.o(i.HAL_GPIO_Init) for HAL_GPIO_Init
    stm32f0xx_hal_rcc.o(i.HAL_RCC_NMI_IRQHandler) refers to stm32f0xx_hal_rcc.o(i.HAL_RCC_CSSCallback) for HAL_RCC_CSSCallback
    stm32f0xx_hal_rcc.o(i.HAL_RCC_OscConfig) refers to stm32f0xx_hal.o(i.HAL_GetTick) for HAL_GetTick
    stm32f0xx_hal_rcc_ex.o(i.HAL_RCCEx_GetPeriphCLKFreq) refers to stm32f0xx_hal_rcc.o(i.HAL_RCC_GetPCLK1Freq) for HAL_RCC_GetPCLK1Freq
    stm32f0xx_hal_rcc_ex.o(i.HAL_RCCEx_GetPeriphCLKFreq) refers to stm32f0xx_hal_rcc.o(i.HAL_RCC_GetSysClockFreq) for HAL_RCC_GetSysClockFreq
    stm32f0xx_hal_rcc_ex.o(i.HAL_RCCEx_PeriphCLKConfig) refers to stm32f0xx_hal.o(i.HAL_GetTick) for HAL_GetTick
    stm32f0xx_hal.o(i.HAL_DeInit) refers to stm32f0xx_hal.o(i.HAL_MspDeInit) for HAL_MspDeInit
    stm32f0xx_hal.o(i.HAL_Delay) refers to stm32f0xx_hal.o(i.HAL_GetTick) for HAL_GetTick
    stm32f0xx_hal.o(i.HAL_Delay) refers to stm32f0xx_hal.o(.data) for uwTickFreq
    stm32f0xx_hal.o(i.HAL_GetTick) refers to stm32f0xx_hal.o(.data) for uwTick
    stm32f0xx_hal.o(i.HAL_GetTickFreq) refers to stm32f0xx_hal.o(.data) for uwTickFreq
    stm32f0xx_hal.o(i.HAL_GetTickPrio) refers to stm32f0xx_hal.o(.data) for uwTickPrio
    stm32f0xx_hal.o(i.HAL_IncTick) refers to stm32f0xx_hal.o(.data) for uwTick
    stm32f0xx_hal.o(i.HAL_Init) refers to stm32f0xx_hal.o(i.HAL_InitTick) for HAL_InitTick
    stm32f0xx_hal.o(i.HAL_Init) refers to stm32f0xx_hal_msp.o(i.HAL_MspInit) for HAL_MspInit
    stm32f0xx_hal.o(i.HAL_InitTick) refers to uidiv.o(.text) for __aeabi_uidivmod
    stm32f0xx_hal.o(i.HAL_InitTick) refers to stm32f0xx_hal_cortex.o(i.HAL_SYSTICK_Config) for HAL_SYSTICK_Config
    stm32f0xx_hal.o(i.HAL_InitTick) refers to stm32f0xx_hal_cortex.o(i.HAL_NVIC_SetPriority) for HAL_NVIC_SetPriority
    stm32f0xx_hal.o(i.HAL_InitTick) refers to stm32f0xx_hal.o(.data) for uwTickFreq
    stm32f0xx_hal.o(i.HAL_InitTick) refers to system_stm32f0xx.o(.data) for SystemCoreClock
    stm32f0xx_hal.o(i.HAL_SetTickFreq) refers to stm32f0xx_hal.o(i.HAL_InitTick) for HAL_InitTick
    stm32f0xx_hal.o(i.HAL_SetTickFreq) refers to stm32f0xx_hal.o(.data) for uwTickFreq
    stm32f0xx_hal_gpio.o(i.HAL_GPIO_EXTI_IRQHandler) refers to stm32f0xx_hal_gpio.o(i.HAL_GPIO_EXTI_Callback) for HAL_GPIO_EXTI_Callback
    stm32f0xx_hal_dma.o(i.DMA_CalcBaseAndBitshift) refers to uidiv.o(.text) for __aeabi_uidivmod
    stm32f0xx_hal_dma.o(i.HAL_DMA_DeInit) refers to stm32f0xx_hal_dma.o(i.DMA_CalcBaseAndBitshift) for DMA_CalcBaseAndBitshift
    stm32f0xx_hal_dma.o(i.HAL_DMA_Init) refers to stm32f0xx_hal_dma.o(i.DMA_CalcBaseAndBitshift) for DMA_CalcBaseAndBitshift
    stm32f0xx_hal_dma.o(i.HAL_DMA_PollForTransfer) refers to stm32f0xx_hal.o(i.HAL_GetTick) for HAL_GetTick
    stm32f0xx_hal_dma.o(i.HAL_DMA_Start) refers to stm32f0xx_hal_dma.o(i.DMA_SetConfig) for DMA_SetConfig
    stm32f0xx_hal_dma.o(i.HAL_DMA_Start_IT) refers to stm32f0xx_hal_dma.o(i.DMA_SetConfig) for DMA_SetConfig
    stm32f0xx_hal_dma.o(i.HAL_DMA_UnRegisterCallback) refers to stm32f0xx_hal_dma.o(i.__ARM_common_switch8) for __ARM_common_switch8
    stm32f0xx_hal_cortex.o(i.HAL_NVIC_SetPriority) refers to stm32f0xx_hal_cortex.o(i.__NVIC_SetPriority) for __NVIC_SetPriority
    stm32f0xx_hal_cortex.o(i.HAL_SYSTICK_Config) refers to stm32f0xx_hal_cortex.o(i.__NVIC_SetPriority) for __NVIC_SetPriority
    stm32f0xx_hal_cortex.o(i.HAL_SYSTICK_IRQHandler) refers to stm32f0xx_hal_cortex.o(i.HAL_SYSTICK_Callback) for HAL_SYSTICK_Callback
    stm32f0xx_hal_flash.o(i.FLASH_Program_HalfWord) refers to stm32f0xx_hal_flash.o(.bss) for pFlash
    stm32f0xx_hal_flash.o(i.FLASH_SetErrorCode) refers to stm32f0xx_hal_flash.o(.bss) for pFlash
    stm32f0xx_hal_flash.o(i.FLASH_WaitForLastOperation) refers to stm32f0xx_hal.o(i.HAL_GetTick) for HAL_GetTick
    stm32f0xx_hal_flash.o(i.FLASH_WaitForLastOperation) refers to stm32f0xx_hal_flash.o(i.FLASH_SetErrorCode) for FLASH_SetErrorCode
    stm32f0xx_hal_flash.o(i.HAL_FLASH_GetError) refers to stm32f0xx_hal_flash.o(.bss) for pFlash
    stm32f0xx_hal_flash.o(i.HAL_FLASH_IRQHandler) refers to stm32f0xx_hal_flash.o(i.FLASH_SetErrorCode) for FLASH_SetErrorCode
    stm32f0xx_hal_flash.o(i.HAL_FLASH_IRQHandler) refers to stm32f0xx_hal_flash.o(i.HAL_FLASH_OperationErrorCallback) for HAL_FLASH_OperationErrorCallback
    stm32f0xx_hal_flash.o(i.HAL_FLASH_IRQHandler) refers to stm32f0xx_hal_flash.o(i.HAL_FLASH_EndOfOperationCallback) for HAL_FLASH_EndOfOperationCallback
    stm32f0xx_hal_flash.o(i.HAL_FLASH_IRQHandler) refers to stm32f0xx_hal_flash_ex.o(i.FLASH_PageErase) for FLASH_PageErase
    stm32f0xx_hal_flash.o(i.HAL_FLASH_IRQHandler) refers to stm32f0xx_hal_flash.o(i.FLASH_Program_HalfWord) for FLASH_Program_HalfWord
    stm32f0xx_hal_flash.o(i.HAL_FLASH_IRQHandler) refers to stm32f0xx_hal_flash.o(.bss) for pFlash
    stm32f0xx_hal_flash.o(i.HAL_FLASH_OB_Launch) refers to stm32f0xx_hal_flash.o(i.FLASH_WaitForLastOperation) for FLASH_WaitForLastOperation
    stm32f0xx_hal_flash.o(i.HAL_FLASH_Program) refers to stm32f0xx_hal_flash.o(i.FLASH_WaitForLastOperation) for FLASH_WaitForLastOperation
    stm32f0xx_hal_flash.o(i.HAL_FLASH_Program) refers to llushr.o(.text) for __aeabi_llsr
    stm32f0xx_hal_flash.o(i.HAL_FLASH_Program) refers to stm32f0xx_hal_flash.o(i.FLASH_Program_HalfWord) for FLASH_Program_HalfWord
    stm32f0xx_hal_flash.o(i.HAL_FLASH_Program) refers to stm32f0xx_hal_flash.o(.bss) for pFlash
    stm32f0xx_hal_flash.o(i.HAL_FLASH_Program_IT) refers to stm32f0xx_hal_flash.o(i.FLASH_Program_HalfWord) for FLASH_Program_HalfWord
    stm32f0xx_hal_flash.o(i.HAL_FLASH_Program_IT) refers to stm32f0xx_hal_flash.o(.bss) for pFlash
    stm32f0xx_hal_flash_ex.o(i.FLASH_MassErase) refers to stm32f0xx_hal_flash.o(.bss) for pFlash
    stm32f0xx_hal_flash_ex.o(i.FLASH_OB_DisableWRP) refers to stm32f0xx_hal_flash_ex.o(i.FLASH_OB_GetWRP) for FLASH_OB_GetWRP
    stm32f0xx_hal_flash_ex.o(i.FLASH_OB_DisableWRP) refers to stm32f0xx_hal_flash.o(i.FLASH_WaitForLastOperation) for FLASH_WaitForLastOperation
    stm32f0xx_hal_flash_ex.o(i.FLASH_OB_DisableWRP) refers to stm32f0xx_hal_flash_ex.o(i.HAL_FLASHEx_OBErase) for HAL_FLASHEx_OBErase
    stm32f0xx_hal_flash_ex.o(i.FLASH_OB_DisableWRP) refers to stm32f0xx_hal_flash.o(.bss) for pFlash
    stm32f0xx_hal_flash_ex.o(i.FLASH_OB_EnableWRP) refers to stm32f0xx_hal_flash_ex.o(i.FLASH_OB_GetWRP) for FLASH_OB_GetWRP
    stm32f0xx_hal_flash_ex.o(i.FLASH_OB_EnableWRP) refers to stm32f0xx_hal_flash.o(i.FLASH_WaitForLastOperation) for FLASH_WaitForLastOperation
    stm32f0xx_hal_flash_ex.o(i.FLASH_OB_EnableWRP) refers to stm32f0xx_hal_flash_ex.o(i.HAL_FLASHEx_OBErase) for HAL_FLASHEx_OBErase
    stm32f0xx_hal_flash_ex.o(i.FLASH_OB_EnableWRP) refers to stm32f0xx_hal_flash.o(.bss) for pFlash
    stm32f0xx_hal_flash_ex.o(i.FLASH_OB_ProgramData) refers to stm32f0xx_hal_flash.o(i.FLASH_WaitForLastOperation) for FLASH_WaitForLastOperation
    stm32f0xx_hal_flash_ex.o(i.FLASH_OB_ProgramData) refers to stm32f0xx_hal_flash.o(.bss) for pFlash
    stm32f0xx_hal_flash_ex.o(i.FLASH_OB_RDP_LevelConfig) refers to stm32f0xx_hal_flash.o(i.FLASH_WaitForLastOperation) for FLASH_WaitForLastOperation
    stm32f0xx_hal_flash_ex.o(i.FLASH_OB_RDP_LevelConfig) refers to stm32f0xx_hal_flash.o(.bss) for pFlash
    stm32f0xx_hal_flash_ex.o(i.FLASH_OB_UserConfig) refers to stm32f0xx_hal_flash.o(i.FLASH_WaitForLastOperation) for FLASH_WaitForLastOperation
    stm32f0xx_hal_flash_ex.o(i.FLASH_OB_UserConfig) refers to stm32f0xx_hal_flash.o(.bss) for pFlash
    stm32f0xx_hal_flash_ex.o(i.FLASH_PageErase) refers to stm32f0xx_hal_flash.o(.bss) for pFlash
    stm32f0xx_hal_flash_ex.o(i.HAL_FLASHEx_Erase) refers to stm32f0xx_hal_flash.o(i.FLASH_WaitForLastOperation) for FLASH_WaitForLastOperation
    stm32f0xx_hal_flash_ex.o(i.HAL_FLASHEx_Erase) refers to stm32f0xx_hal_flash_ex.o(i.FLASH_MassErase) for FLASH_MassErase
    stm32f0xx_hal_flash_ex.o(i.HAL_FLASHEx_Erase) refers to stm32f0xx_hal_flash_ex.o(i.FLASH_PageErase) for FLASH_PageErase
    stm32f0xx_hal_flash_ex.o(i.HAL_FLASHEx_Erase) refers to stm32f0xx_hal_flash.o(.bss) for pFlash
    stm32f0xx_hal_flash_ex.o(i.HAL_FLASHEx_Erase_IT) refers to stm32f0xx_hal_flash_ex.o(i.FLASH_MassErase) for FLASH_MassErase
    stm32f0xx_hal_flash_ex.o(i.HAL_FLASHEx_Erase_IT) refers to stm32f0xx_hal_flash_ex.o(i.FLASH_PageErase) for FLASH_PageErase
    stm32f0xx_hal_flash_ex.o(i.HAL_FLASHEx_Erase_IT) refers to stm32f0xx_hal_flash.o(.bss) for pFlash
    stm32f0xx_hal_flash_ex.o(i.HAL_FLASHEx_OBErase) refers to stm32f0xx_hal_flash_ex.o(i.FLASH_OB_GetRDP) for FLASH_OB_GetRDP
    stm32f0xx_hal_flash_ex.o(i.HAL_FLASHEx_OBErase) refers to stm32f0xx_hal_flash.o(i.FLASH_WaitForLastOperation) for FLASH_WaitForLastOperation
    stm32f0xx_hal_flash_ex.o(i.HAL_FLASHEx_OBErase) refers to stm32f0xx_hal_flash_ex.o(i.FLASH_OB_RDP_LevelConfig) for FLASH_OB_RDP_LevelConfig
    stm32f0xx_hal_flash_ex.o(i.HAL_FLASHEx_OBErase) refers to stm32f0xx_hal_flash.o(.bss) for pFlash
    stm32f0xx_hal_flash_ex.o(i.HAL_FLASHEx_OBGetConfig) refers to stm32f0xx_hal_flash_ex.o(i.FLASH_OB_GetWRP) for FLASH_OB_GetWRP
    stm32f0xx_hal_flash_ex.o(i.HAL_FLASHEx_OBGetConfig) refers to stm32f0xx_hal_flash_ex.o(i.FLASH_OB_GetRDP) for FLASH_OB_GetRDP
    stm32f0xx_hal_flash_ex.o(i.HAL_FLASHEx_OBGetConfig) refers to stm32f0xx_hal_flash_ex.o(i.FLASH_OB_GetUser) for FLASH_OB_GetUser
    stm32f0xx_hal_flash_ex.o(i.HAL_FLASHEx_OBProgram) refers to stm32f0xx_hal_flash_ex.o(i.FLASH_OB_EnableWRP) for FLASH_OB_EnableWRP
    stm32f0xx_hal_flash_ex.o(i.HAL_FLASHEx_OBProgram) refers to stm32f0xx_hal_flash_ex.o(i.FLASH_OB_DisableWRP) for FLASH_OB_DisableWRP
    stm32f0xx_hal_flash_ex.o(i.HAL_FLASHEx_OBProgram) refers to stm32f0xx_hal_flash_ex.o(i.FLASH_OB_RDP_LevelConfig) for FLASH_OB_RDP_LevelConfig
    stm32f0xx_hal_flash_ex.o(i.HAL_FLASHEx_OBProgram) refers to stm32f0xx_hal_flash_ex.o(i.FLASH_OB_UserConfig) for FLASH_OB_UserConfig
    stm32f0xx_hal_flash_ex.o(i.HAL_FLASHEx_OBProgram) refers to stm32f0xx_hal_flash_ex.o(i.FLASH_OB_ProgramData) for FLASH_OB_ProgramData
    stm32f0xx_hal_flash_ex.o(i.HAL_FLASHEx_OBProgram) refers to stm32f0xx_hal_flash.o(.bss) for pFlash
    system_stm32f0xx.o(i.SystemCoreClockUpdate) refers to uidiv.o(.text) for __aeabi_uidivmod
    system_stm32f0xx.o(i.SystemCoreClockUpdate) refers to system_stm32f0xx.o(.data) for SystemCoreClock
    system_stm32f0xx.o(i.SystemCoreClockUpdate) refers to system_stm32f0xx.o(.constdata) for AHBPrescTable
    entry.o(.ARM.Collect$$$$00000000) refers (Special) to entry10a.o(.ARM.Collect$$$$0000000F) for __rt_final_cpp
    entry.o(.ARM.Collect$$$$00000000) refers (Special) to entry11a.o(.ARM.Collect$$$$00000011) for __rt_final_exit
    entry.o(.ARM.Collect$$$$00000000) refers (Special) to entry12b.o(.ARM.Collect$$$$0000000E) for __rt_lib_shutdown_fini
    entry.o(.ARM.Collect$$$$00000000) refers (Special) to entry7b.o(.ARM.Collect$$$$00000008) for _main_clock
    entry.o(.ARM.Collect$$$$00000000) refers (Special) to entry8b.o(.ARM.Collect$$$$0000000A) for _main_cpp_init
    entry.o(.ARM.Collect$$$$00000000) refers (Special) to entry9a.o(.ARM.Collect$$$$0000000B) for _main_init
    entry.o(.ARM.Collect$$$$00000000) refers (Special) to entry5.o(.ARM.Collect$$$$00000004) for _main_scatterload
    entry.o(.ARM.Collect$$$$00000000) refers (Special) to entry2.o(.ARM.Collect$$$$00000001) for _main_stk
    idiv.o(.text) refers to uidiv.o(.text) for __aeabi_uidivmod
    uldiv.o(.text) refers to llushr.o(.text) for __aeabi_llsr
    uldiv.o(.text) refers to llshl.o(.text) for __aeabi_llsl
    llmul.o(.text) refers to llshl.o(.text) for __aeabi_llsl
    malloc.o(i.free) refers to mvars.o(.data) for __microlib_freelist
    malloc.o(i.malloc) refers to mvars.o(.data) for __microlib_freelist_initialised
    malloc.o(i.malloc) refers to mvars.o(.data) for __microlib_freelist
    malloc.o(i.malloc) refers to startup_stm32f030x6.o(HEAP) for __heap_base
    mallocr.o(i.__free$realloc) refers to mvars.o(.data) for __microlib_freelist
    mallocr.o(i.__malloc$realloc) refers to mallocr.o(i.internal_alloc) for internal_alloc
    mallocr.o(i.__malloc$realloc) refers to mvars.o(.data) for __microlib_freelist_initialised
    mallocr.o(i.__malloc$realloc) refers to startup_stm32f030x6.o(HEAP) for __heap_base
    mallocr.o(i.__malloc$realloc) refers to mvars.o(.data) for __microlib_freelist
    mallocr.o(i.internal_alloc) refers to memcpya.o(.text) for __aeabi_memcpy
    mallocr.o(i.internal_alloc) refers to mvars.o(.data) for __microlib_freelist
    mallocr.o(i.realloc) refers to mallocr.o(i.__free$realloc) for __free$realloc
    mallocr.o(i.realloc) refers to mallocr.o(i.internal_alloc) for internal_alloc
    mallocr.o(i.realloc) refers to mallocr.o(i.__malloc$realloc) for __malloc$realloc
    mallocr.o(i.realloc) refers to mvars.o(.data) for __microlib_freelist
    malloca.o(i.__aligned_malloc) refers to mvars.o(.data) for __microlib_freelist
    malloca.o(i.__aligned_malloc) refers to mvars.o(.data) for __microlib_freelist_initialised
    malloca.o(i.__aligned_malloc) refers to startup_stm32f030x6.o(HEAP) for __heap_base
    malloca.o(i.__free$memalign) refers to mvars.o(.data) for __microlib_freelist
    malloca.o(i.__malloc$memalign) refers to malloca.o(i.__aligned_malloc) for __aligned_malloc
    mallocra.o(i.__aligned_malloc$realloc) refers to mallocra.o(i.internal_alloc) for internal_alloc
    mallocra.o(i.__aligned_malloc$realloc) refers to startup_stm32f030x6.o(HEAP) for __heap_base
    mallocra.o(i.__aligned_malloc$realloc) refers to mvars.o(.data) for __microlib_freelist
    mallocra.o(i.__aligned_malloc$realloc) refers to mvars.o(.data) for __microlib_freelist_initialised
    mallocra.o(i.__free$realloc$memalign) refers to mvars.o(.data) for __microlib_freelist
    mallocra.o(i.__malloc$realloc$memalign) refers to mallocra.o(i.__aligned_malloc$realloc) for __aligned_malloc$realloc
    mallocra.o(i.__realloc$memalign) refers to mallocra.o(i.__free$realloc$memalign) for __free$realloc$memalign
    mallocra.o(i.__realloc$memalign) refers to mallocra.o(i.internal_alloc) for internal_alloc
    mallocra.o(i.__realloc$memalign) refers to mallocra.o(i.__malloc$realloc$memalign) for __malloc$realloc$memalign
    mallocra.o(i.__realloc$memalign) refers to mvars.o(.data) for __microlib_freelist
    mallocra.o(i.internal_alloc) refers to memcpya.o(.text) for __aeabi_memcpy
    mallocra.o(i.internal_alloc) refers to mvars.o(.data) for __microlib_freelist
    entry2.o(.ARM.Collect$$$$00000001) refers to entry2.o(.ARM.Collect$$$$00002712) for __lit__00000000
    entry2.o(.ARM.Collect$$$$00002712) refers to startup_stm32f030x6.o(STACK) for __initial_sp
    entry2.o(__vectab_stack_and_reset_area) refers to startup_stm32f030x6.o(STACK) for __initial_sp
    entry2.o(__vectab_stack_and_reset_area) refers to entry.o(.ARM.Collect$$$$00000000) for __main
    entry5.o(.ARM.Collect$$$$00000004) refers to init.o(.text) for __scatterload
    entry9a.o(.ARM.Collect$$$$0000000B) refers to main.o(i.main) for main
    entry9b.o(.ARM.Collect$$$$0000000C) refers to main.o(i.main) for main
    init.o(.text) refers to entry5.o(.ARM.Collect$$$$00000004) for __main_after_scatterload


==============================================================================

Removing Unused input sections from the image.

    Removing sensirion_common.o(.rev16_text), (4 bytes).
    Removing sensirion_common.o(.revsh_text), (4 bytes).
    Removing sgp30.o(.rev16_text), (4 bytes).
    Removing sgp30.o(.revsh_text), (4 bytes).
    Removing sgp30.o(i.sgp_fill_cmd_send_buf), (122 bytes).
    Removing sgp30.o(i.sgp_get_configured_address), (4 bytes).
    Removing sgp30.o(i.sgp_get_driver_version), (12 bytes).
    Removing sgp30.o(i.sgp_get_feature_set_version), (32 bytes).
    Removing sgp30.o(i.sgp_get_iaq_baseline), (52 bytes).
    Removing sgp30.o(i.sgp_measure_co2_eq), (8 bytes).
    Removing sgp30.o(i.sgp_measure_co2_eq_blocking_read), (14 bytes).
    Removing sgp30.o(i.sgp_measure_iaq), (52 bytes).
    Removing sgp30.o(i.sgp_measure_signals), (56 bytes).
    Removing sgp30.o(i.sgp_measure_signals_blocking_read), (48 bytes).
    Removing sgp30.o(i.sgp_measure_test), (92 bytes).
    Removing sgp30.o(i.sgp_measure_tvoc), (8 bytes).
    Removing sgp30.o(i.sgp_measure_tvoc_blocking_read), (14 bytes).
    Removing sgp30.o(i.sgp_read_co2_eq), (14 bytes).
    Removing sgp30.o(i.sgp_read_iaq), (60 bytes).
    Removing sgp30.o(i.sgp_read_signals), (64 bytes).
    Removing sgp30.o(i.sgp_read_tvoc), (14 bytes).
    Removing sgp30.o(i.sgp_set_absolute_humidity), (128 bytes).
    Removing sgp30.o(i.sgp_set_iaq_baseline), (62 bytes).
    Removing sgp30_featureset.o(.rev16_text), (4 bytes).
    Removing sgp30_featureset.o(.revsh_text), (4 bytes).
    Removing sensirion_configuration.o(.rev16_text), (4 bytes).
    Removing sensirion_configuration.o(.revsh_text), (4 bytes).
    Removing sensirion_configuration.o(i.sensirion_SCL_read), (22 bytes).
    Removing sw_i2c.o(.rev16_text), (4 bytes).
    Removing sw_i2c.o(.revsh_text), (4 bytes).
    Removing main.o(.rev16_text), (4 bytes).
    Removing main.o(.revsh_text), (4 bytes).
    Removing stm32f0xx_it.o(.rev16_text), (4 bytes).
    Removing stm32f0xx_it.o(.revsh_text), (4 bytes).
    Removing stm32f0xx_hal_msp.o(.rev16_text), (4 bytes).
    Removing stm32f0xx_hal_msp.o(.revsh_text), (4 bytes).
    Removing stm32f0xx_hal_msp.o(i.HAL_I2C_MspDeInit), (60 bytes).
    Removing stm32f0xx_hal_i2c.o(.rev16_text), (4 bytes).
    Removing stm32f0xx_hal_i2c.o(.revsh_text), (4 bytes).
    Removing stm32f0xx_hal_i2c.o(i.HAL_I2C_AbortCpltCallback), (2 bytes).
    Removing stm32f0xx_hal_i2c.o(i.HAL_I2C_AddrCallback), (2 bytes).
    Removing stm32f0xx_hal_i2c.o(i.HAL_I2C_DeInit), (66 bytes).
    Removing stm32f0xx_hal_i2c.o(i.HAL_I2C_DisableListen_IT), (62 bytes).
    Removing stm32f0xx_hal_i2c.o(i.HAL_I2C_ER_IRQHandler), (140 bytes).
    Removing stm32f0xx_hal_i2c.o(i.HAL_I2C_EV_IRQHandler), (30 bytes).
    Removing stm32f0xx_hal_i2c.o(i.HAL_I2C_EnableListen_IT), (44 bytes).
    Removing stm32f0xx_hal_i2c.o(i.HAL_I2C_ErrorCallback), (2 bytes).
    Removing stm32f0xx_hal_i2c.o(i.HAL_I2C_GetError), (6 bytes).
    Removing stm32f0xx_hal_i2c.o(i.HAL_I2C_GetMode), (8 bytes).
    Removing stm32f0xx_hal_i2c.o(i.HAL_I2C_GetState), (8 bytes).
    Removing stm32f0xx_hal_i2c.o(i.HAL_I2C_IsDeviceReady), (434 bytes).
    Removing stm32f0xx_hal_i2c.o(i.HAL_I2C_ListenCpltCallback), (2 bytes).
    Removing stm32f0xx_hal_i2c.o(i.HAL_I2C_MasterRxCpltCallback), (2 bytes).
    Removing stm32f0xx_hal_i2c.o(i.HAL_I2C_MasterTxCpltCallback), (2 bytes).
    Removing stm32f0xx_hal_i2c.o(i.HAL_I2C_Master_Abort_IT), (128 bytes).
    Removing stm32f0xx_hal_i2c.o(i.HAL_I2C_Master_Receive), (364 bytes).
    Removing stm32f0xx_hal_i2c.o(i.HAL_I2C_Master_Receive_DMA), (376 bytes).
    Removing stm32f0xx_hal_i2c.o(i.HAL_I2C_Master_Receive_IT), (168 bytes).
    Removing stm32f0xx_hal_i2c.o(i.HAL_I2C_Master_Seq_Receive_DMA), (404 bytes).
    Removing stm32f0xx_hal_i2c.o(i.HAL_I2C_Master_Seq_Receive_IT), (192 bytes).
    Removing stm32f0xx_hal_i2c.o(i.HAL_I2C_Master_Seq_Transmit_DMA), (404 bytes).
    Removing stm32f0xx_hal_i2c.o(i.HAL_I2C_Master_Seq_Transmit_IT), (192 bytes).
    Removing stm32f0xx_hal_i2c.o(i.HAL_I2C_Master_Transmit), (364 bytes).
    Removing stm32f0xx_hal_i2c.o(i.HAL_I2C_Master_Transmit_DMA), (376 bytes).
    Removing stm32f0xx_hal_i2c.o(i.HAL_I2C_Master_Transmit_IT), (168 bytes).
    Removing stm32f0xx_hal_i2c.o(i.HAL_I2C_MemRxCpltCallback), (2 bytes).
    Removing stm32f0xx_hal_i2c.o(i.HAL_I2C_MemTxCpltCallback), (2 bytes).
    Removing stm32f0xx_hal_i2c.o(i.HAL_I2C_Mem_Read), (428 bytes).
    Removing stm32f0xx_hal_i2c.o(i.HAL_I2C_Mem_Read_DMA), (388 bytes).
    Removing stm32f0xx_hal_i2c.o(i.HAL_I2C_Mem_Read_IT), (228 bytes).
    Removing stm32f0xx_hal_i2c.o(i.HAL_I2C_Mem_Write), (420 bytes).
    Removing stm32f0xx_hal_i2c.o(i.HAL_I2C_Mem_Write_DMA), (380 bytes).
    Removing stm32f0xx_hal_i2c.o(i.HAL_I2C_Mem_Write_IT), (224 bytes).
    Removing stm32f0xx_hal_i2c.o(i.HAL_I2C_MspDeInit), (2 bytes).
    Removing stm32f0xx_hal_i2c.o(i.HAL_I2C_MspInit), (2 bytes).
    Removing stm32f0xx_hal_i2c.o(i.HAL_I2C_SlaveRxCpltCallback), (2 bytes).
    Removing stm32f0xx_hal_i2c.o(i.HAL_I2C_SlaveTxCpltCallback), (2 bytes).
    Removing stm32f0xx_hal_i2c.o(i.HAL_I2C_Slave_Receive_DMA), (284 bytes).
    Removing stm32f0xx_hal_i2c.o(i.HAL_I2C_Slave_Receive_IT), (120 bytes).
    Removing stm32f0xx_hal_i2c.o(i.HAL_I2C_Slave_Seq_Receive_DMA), (468 bytes).
    Removing stm32f0xx_hal_i2c.o(i.HAL_I2C_Slave_Seq_Receive_IT), (240 bytes).
    Removing stm32f0xx_hal_i2c.o(i.HAL_I2C_Slave_Seq_Transmit_DMA), (468 bytes).
    Removing stm32f0xx_hal_i2c.o(i.HAL_I2C_Slave_Seq_Transmit_IT), (240 bytes).
    Removing stm32f0xx_hal_i2c.o(i.HAL_I2C_Slave_Transmit_DMA), (284 bytes).
    Removing stm32f0xx_hal_i2c.o(i.HAL_I2C_Slave_Transmit_IT), (120 bytes).
    Removing stm32f0xx_hal_i2c.o(i.I2C_ConvertOtherXferOptions), (30 bytes).
    Removing stm32f0xx_hal_i2c.o(i.I2C_DMAAbort), (38 bytes).
    Removing stm32f0xx_hal_i2c.o(i.I2C_DMAError), (30 bytes).
    Removing stm32f0xx_hal_i2c.o(i.I2C_DMAMasterReceiveCplt), (100 bytes).
    Removing stm32f0xx_hal_i2c.o(i.I2C_DMAMasterTransmitCplt), (100 bytes).
    Removing stm32f0xx_hal_i2c.o(i.I2C_DMASlaveReceiveCplt), (52 bytes).
    Removing stm32f0xx_hal_i2c.o(i.I2C_DMASlaveTransmitCplt), (42 bytes).
    Removing stm32f0xx_hal_i2c.o(i.I2C_Disable_IRQ), (116 bytes).
    Removing stm32f0xx_hal_i2c.o(i.I2C_Enable_IRQ), (136 bytes).
    Removing stm32f0xx_hal_i2c.o(i.I2C_ITAddrCplt), (208 bytes).
    Removing stm32f0xx_hal_i2c.o(i.I2C_ITError), (296 bytes).
    Removing stm32f0xx_hal_i2c.o(i.I2C_ITListenCplt), (120 bytes).
    Removing stm32f0xx_hal_i2c.o(i.I2C_ITMasterCplt), (308 bytes).
    Removing stm32f0xx_hal_i2c.o(i.I2C_ITMasterSeqCplt), (98 bytes).
    Removing stm32f0xx_hal_i2c.o(i.I2C_ITSlaveCplt), (408 bytes).
    Removing stm32f0xx_hal_i2c.o(i.I2C_ITSlaveSeqCplt), (156 bytes).
    Removing stm32f0xx_hal_i2c.o(i.I2C_Master_ISR_DMA), (392 bytes).
    Removing stm32f0xx_hal_i2c.o(i.I2C_Master_ISR_IT), (464 bytes).
    Removing stm32f0xx_hal_i2c.o(i.I2C_RequestMemoryRead), (128 bytes).
    Removing stm32f0xx_hal_i2c.o(i.I2C_RequestMemoryWrite), (128 bytes).
    Removing stm32f0xx_hal_i2c.o(i.I2C_Slave_ISR_DMA), (372 bytes).
    Removing stm32f0xx_hal_i2c.o(i.I2C_Slave_ISR_IT), (380 bytes).
    Removing stm32f0xx_hal_i2c.o(i.I2C_TransferConfig), (56 bytes).
    Removing stm32f0xx_hal_i2c.o(i.I2C_TreatErrorCallback), (62 bytes).
    Removing stm32f0xx_hal_i2c_ex.o(.rev16_text), (4 bytes).
    Removing stm32f0xx_hal_i2c_ex.o(.revsh_text), (4 bytes).
    Removing stm32f0xx_hal_i2c_ex.o(i.HAL_I2CEx_DisableFastModePlus), (52 bytes).
    Removing stm32f0xx_hal_i2c_ex.o(i.HAL_I2CEx_EnableFastModePlus), (52 bytes).
    Removing stm32f0xx_hal_rcc.o(.rev16_text), (4 bytes).
    Removing stm32f0xx_hal_rcc.o(.revsh_text), (4 bytes).
    Removing stm32f0xx_hal_rcc.o(i.HAL_RCC_CSSCallback), (2 bytes).
    Removing stm32f0xx_hal_rcc.o(i.HAL_RCC_DeInit), (232 bytes).
    Removing stm32f0xx_hal_rcc.o(i.HAL_RCC_DisableCSS), (20 bytes).
    Removing stm32f0xx_hal_rcc.o(i.HAL_RCC_EnableCSS), (20 bytes).
    Removing stm32f0xx_hal_rcc.o(i.HAL_RCC_GetClockConfig), (56 bytes).
    Removing stm32f0xx_hal_rcc.o(i.HAL_RCC_GetHCLKFreq), (12 bytes).
    Removing stm32f0xx_hal_rcc.o(i.HAL_RCC_GetOscConfig), (244 bytes).
    Removing stm32f0xx_hal_rcc.o(i.HAL_RCC_GetPCLK1Freq), (36 bytes).
    Removing stm32f0xx_hal_rcc.o(i.HAL_RCC_MCOConfig), (104 bytes).
    Removing stm32f0xx_hal_rcc.o(i.HAL_RCC_NMI_IRQHandler), (32 bytes).
    Removing stm32f0xx_hal_rcc_ex.o(.rev16_text), (4 bytes).
    Removing stm32f0xx_hal_rcc_ex.o(.revsh_text), (4 bytes).
    Removing stm32f0xx_hal_rcc_ex.o(i.HAL_RCCEx_GetPeriphCLKConfig), (48 bytes).
    Removing stm32f0xx_hal_rcc_ex.o(i.HAL_RCCEx_GetPeriphCLKFreq), (248 bytes).
    Removing stm32f0xx_hal.o(.rev16_text), (4 bytes).
    Removing stm32f0xx_hal.o(.revsh_text), (4 bytes).
    Removing stm32f0xx_hal.o(i.HAL_DBGMCU_DisableDBGStandbyMode), (20 bytes).
    Removing stm32f0xx_hal.o(i.HAL_DBGMCU_DisableDBGStopMode), (20 bytes).
    Removing stm32f0xx_hal.o(i.HAL_DBGMCU_EnableDBGStandbyMode), (20 bytes).
    Removing stm32f0xx_hal.o(i.HAL_DBGMCU_EnableDBGStopMode), (20 bytes).
    Removing stm32f0xx_hal.o(i.HAL_DeInit), (44 bytes).
    Removing stm32f0xx_hal.o(i.HAL_GetDEVID), (16 bytes).
    Removing stm32f0xx_hal.o(i.HAL_GetHalVersion), (8 bytes).
    Removing stm32f0xx_hal.o(i.HAL_GetREVID), (12 bytes).
    Removing stm32f0xx_hal.o(i.HAL_GetTickFreq), (12 bytes).
    Removing stm32f0xx_hal.o(i.HAL_GetTickPrio), (12 bytes).
    Removing stm32f0xx_hal.o(i.HAL_GetUIDw0), (12 bytes).
    Removing stm32f0xx_hal.o(i.HAL_GetUIDw1), (12 bytes).
    Removing stm32f0xx_hal.o(i.HAL_GetUIDw2), (12 bytes).
    Removing stm32f0xx_hal.o(i.HAL_MspDeInit), (2 bytes).
    Removing stm32f0xx_hal.o(i.HAL_MspInit), (2 bytes).
    Removing stm32f0xx_hal.o(i.HAL_ResumeTick), (20 bytes).
    Removing stm32f0xx_hal.o(i.HAL_SetTickFreq), (52 bytes).
    Removing stm32f0xx_hal.o(i.HAL_SuspendTick), (20 bytes).
    Removing stm32f0xx_hal_gpio.o(.rev16_text), (4 bytes).
    Removing stm32f0xx_hal_gpio.o(.revsh_text), (4 bytes).
    Removing stm32f0xx_hal_gpio.o(i.HAL_GPIO_DeInit), (264 bytes).
    Removing stm32f0xx_hal_gpio.o(i.HAL_GPIO_EXTI_Callback), (2 bytes).
    Removing stm32f0xx_hal_gpio.o(i.HAL_GPIO_EXTI_IRQHandler), (32 bytes).
    Removing stm32f0xx_hal_gpio.o(i.HAL_GPIO_LockPin), (50 bytes).
    Removing stm32f0xx_hal_gpio.o(i.HAL_GPIO_TogglePin), (20 bytes).
    Removing stm32f0xx_hal_dma.o(.rev16_text), (4 bytes).
    Removing stm32f0xx_hal_dma.o(.revsh_text), (4 bytes).
    Removing stm32f0xx_hal_dma.o(i.DMA_CalcBaseAndBitshift), (32 bytes).
    Removing stm32f0xx_hal_dma.o(i.DMA_SetConfig), (42 bytes).
    Removing stm32f0xx_hal_dma.o(i.HAL_DMA_Abort), (82 bytes).
    Removing stm32f0xx_hal_dma.o(i.HAL_DMA_Abort_IT), (88 bytes).
    Removing stm32f0xx_hal_dma.o(i.HAL_DMA_DeInit), (88 bytes).
    Removing stm32f0xx_hal_dma.o(i.HAL_DMA_GetError), (6 bytes).
    Removing stm32f0xx_hal_dma.o(i.HAL_DMA_GetState), (8 bytes).
    Removing stm32f0xx_hal_dma.o(i.HAL_DMA_IRQHandler), (240 bytes).
    Removing stm32f0xx_hal_dma.o(i.HAL_DMA_Init), (92 bytes).
    Removing stm32f0xx_hal_dma.o(i.HAL_DMA_PollForTransfer), (236 bytes).
    Removing stm32f0xx_hal_dma.o(i.HAL_DMA_RegisterCallback), (92 bytes).
    Removing stm32f0xx_hal_dma.o(i.HAL_DMA_Start), (110 bytes).
    Removing stm32f0xx_hal_dma.o(i.HAL_DMA_Start_IT), (154 bytes).
    Removing stm32f0xx_hal_dma.o(i.HAL_DMA_UnRegisterCallback), (108 bytes).
    Removing stm32f0xx_hal_cortex.o(.rev16_text), (4 bytes).
    Removing stm32f0xx_hal_cortex.o(.revsh_text), (4 bytes).
    Removing stm32f0xx_hal_cortex.o(i.HAL_NVIC_ClearPendingIRQ), (28 bytes).
    Removing stm32f0xx_hal_cortex.o(i.HAL_NVIC_DisableIRQ), (60 bytes).
    Removing stm32f0xx_hal_cortex.o(i.HAL_NVIC_EnableIRQ), (28 bytes).
    Removing stm32f0xx_hal_cortex.o(i.HAL_NVIC_GetPendingIRQ), (48 bytes).
    Removing stm32f0xx_hal_cortex.o(i.HAL_NVIC_GetPriority), (72 bytes).
    Removing stm32f0xx_hal_cortex.o(i.HAL_NVIC_SetPendingIRQ), (28 bytes).
    Removing stm32f0xx_hal_cortex.o(i.HAL_NVIC_SystemReset), (56 bytes).
    Removing stm32f0xx_hal_cortex.o(i.HAL_SYSTICK_CLKSourceConfig), (36 bytes).
    Removing stm32f0xx_hal_cortex.o(i.HAL_SYSTICK_Callback), (2 bytes).
    Removing stm32f0xx_hal_cortex.o(i.HAL_SYSTICK_IRQHandler), (8 bytes).
    Removing stm32f0xx_hal_pwr.o(.rev16_text), (4 bytes).
    Removing stm32f0xx_hal_pwr.o(.revsh_text), (4 bytes).
    Removing stm32f0xx_hal_pwr.o(i.HAL_PWR_DeInit), (32 bytes).
    Removing stm32f0xx_hal_pwr.o(i.HAL_PWR_DisableBkUpAccess), (20 bytes).
    Removing stm32f0xx_hal_pwr.o(i.HAL_PWR_DisableSEVOnPend), (20 bytes).
    Removing stm32f0xx_hal_pwr.o(i.HAL_PWR_DisableSleepOnExit), (20 bytes).
    Removing stm32f0xx_hal_pwr.o(i.HAL_PWR_DisableWakeUpPin), (16 bytes).
    Removing stm32f0xx_hal_pwr.o(i.HAL_PWR_EnableBkUpAccess), (20 bytes).
    Removing stm32f0xx_hal_pwr.o(i.HAL_PWR_EnableSEVOnPend), (20 bytes).
    Removing stm32f0xx_hal_pwr.o(i.HAL_PWR_EnableSleepOnExit), (20 bytes).
    Removing stm32f0xx_hal_pwr.o(i.HAL_PWR_EnableWakeUpPin), (16 bytes).
    Removing stm32f0xx_hal_pwr.o(i.HAL_PWR_EnterSLEEPMode), (32 bytes).
    Removing stm32f0xx_hal_pwr.o(i.HAL_PWR_EnterSTANDBYMode), (40 bytes).
    Removing stm32f0xx_hal_pwr.o(i.HAL_PWR_EnterSTOPMode), (72 bytes).
    Removing stm32f0xx_hal_pwr_ex.o(.rev16_text), (4 bytes).
    Removing stm32f0xx_hal_pwr_ex.o(.revsh_text), (4 bytes).
    Removing stm32f0xx_hal_flash.o(.rev16_text), (4 bytes).
    Removing stm32f0xx_hal_flash.o(.revsh_text), (4 bytes).
    Removing stm32f0xx_hal_flash.o(i.FLASH_Program_HalfWord), (32 bytes).
    Removing stm32f0xx_hal_flash.o(i.FLASH_SetErrorCode), (72 bytes).
    Removing stm32f0xx_hal_flash.o(i.FLASH_WaitForLastOperation), (104 bytes).
    Removing stm32f0xx_hal_flash.o(i.HAL_FLASH_EndOfOperationCallback), (2 bytes).
    Removing stm32f0xx_hal_flash.o(i.HAL_FLASH_GetError), (12 bytes).
    Removing stm32f0xx_hal_flash.o(i.HAL_FLASH_IRQHandler), (396 bytes).
    Removing stm32f0xx_hal_flash.o(i.HAL_FLASH_Lock), (20 bytes).
    Removing stm32f0xx_hal_flash.o(i.HAL_FLASH_OB_Launch), (32 bytes).
    Removing stm32f0xx_hal_flash.o(i.HAL_FLASH_OB_Lock), (24 bytes).
    Removing stm32f0xx_hal_flash.o(i.HAL_FLASH_OB_Unlock), (48 bytes).
    Removing stm32f0xx_hal_flash.o(i.HAL_FLASH_OperationErrorCallback), (2 bytes).
    Removing stm32f0xx_hal_flash.o(i.HAL_FLASH_Program), (188 bytes).
    Removing stm32f0xx_hal_flash.o(i.HAL_FLASH_Program_IT), (120 bytes).
    Removing stm32f0xx_hal_flash.o(i.HAL_FLASH_Unlock), (52 bytes).
    Removing stm32f0xx_hal_flash.o(.bss), (32 bytes).
    Removing stm32f0xx_hal_flash_ex.o(.rev16_text), (4 bytes).
    Removing stm32f0xx_hal_flash_ex.o(.revsh_text), (4 bytes).
    Removing stm32f0xx_hal_flash_ex.o(i.FLASH_MassErase), (40 bytes).
    Removing stm32f0xx_hal_flash_ex.o(i.FLASH_OB_DisableWRP), (112 bytes).
    Removing stm32f0xx_hal_flash_ex.o(i.FLASH_OB_EnableWRP), (116 bytes).
    Removing stm32f0xx_hal_flash_ex.o(i.FLASH_OB_GetRDP), (40 bytes).
    Removing stm32f0xx_hal_flash_ex.o(i.FLASH_OB_GetUser), (20 bytes).
    Removing stm32f0xx_hal_flash_ex.o(i.FLASH_OB_GetWRP), (12 bytes).
    Removing stm32f0xx_hal_flash_ex.o(i.FLASH_OB_ProgramData), (76 bytes).
    Removing stm32f0xx_hal_flash_ex.o(i.FLASH_OB_RDP_LevelConfig), (128 bytes).
    Removing stm32f0xx_hal_flash_ex.o(i.FLASH_OB_UserConfig), (84 bytes).
    Removing stm32f0xx_hal_flash_ex.o(i.FLASH_PageErase), (44 bytes).
    Removing stm32f0xx_hal_flash_ex.o(i.HAL_FLASHEx_Erase), (172 bytes).
    Removing stm32f0xx_hal_flash_ex.o(i.HAL_FLASHEx_Erase_IT), (104 bytes).
    Removing stm32f0xx_hal_flash_ex.o(i.HAL_FLASHEx_OBErase), (100 bytes).
    Removing stm32f0xx_hal_flash_ex.o(i.HAL_FLASHEx_OBGetConfig), (28 bytes).
    Removing stm32f0xx_hal_flash_ex.o(i.HAL_FLASHEx_OBGetUserData), (40 bytes).
    Removing stm32f0xx_hal_flash_ex.o(i.HAL_FLASHEx_OBProgram), (208 bytes).
    Removing stm32f0xx_hal_exti.o(.rev16_text), (4 bytes).
    Removing stm32f0xx_hal_exti.o(.revsh_text), (4 bytes).
    Removing stm32f0xx_hal_exti.o(i.HAL_EXTI_ClearConfigLine), (124 bytes).
    Removing stm32f0xx_hal_exti.o(i.HAL_EXTI_ClearPending), (28 bytes).
    Removing stm32f0xx_hal_exti.o(i.HAL_EXTI_GenerateSWI), (24 bytes).
    Removing stm32f0xx_hal_exti.o(i.HAL_EXTI_GetConfigLine), (184 bytes).
    Removing stm32f0xx_hal_exti.o(i.HAL_EXTI_GetHandle), (16 bytes).
    Removing stm32f0xx_hal_exti.o(i.HAL_EXTI_GetPending), (36 bytes).
    Removing stm32f0xx_hal_exti.o(i.HAL_EXTI_IRQHandler), (48 bytes).
    Removing stm32f0xx_hal_exti.o(i.HAL_EXTI_RegisterCallback), (22 bytes).
    Removing stm32f0xx_hal_exti.o(i.HAL_EXTI_SetConfigLine), (236 bytes).
    Removing stm32f0xx_hal_tim.o(.rev16_text), (4 bytes).
    Removing stm32f0xx_hal_tim.o(.revsh_text), (4 bytes).
    Removing stm32f0xx_hal_tim_ex.o(.rev16_text), (4 bytes).
    Removing stm32f0xx_hal_tim_ex.o(.revsh_text), (4 bytes).
    Removing system_stm32f0xx.o(.rev16_text), (4 bytes).
    Removing system_stm32f0xx.o(.revsh_text), (4 bytes).
    Removing system_stm32f0xx.o(i.SystemCoreClockUpdate), (176 bytes).
    Removing stm32f0xx_hal_dma.o(i.__ARM_common_switch8), (28 bytes).

254 unused section(s) (total 20896 bytes) removed from the image.

==============================================================================

Image Symbol Table

    Local Symbols

    Symbol Name                              Value     Ov Type        Size  Object(Section)

    ../Core/Src/main.c                       0x00000000   Number         0  main.o ABSOLUTE
    ../Core/Src/stm32f0xx_hal_msp.c          0x00000000   Number         0  stm32f0xx_hal_msp.o ABSOLUTE
    ../Core/Src/stm32f0xx_it.c               0x00000000   Number         0  stm32f0xx_it.o ABSOLUTE
    ../Core/Src/system_stm32f0xx.c           0x00000000   Number         0  system_stm32f0xx.o ABSOLUTE
    ../Drivers/STM32F0xx_HAL_Driver/Src/stm32f0xx_hal.c 0x00000000   Number         0  stm32f0xx_hal.o ABSOLUTE
    ../Drivers/STM32F0xx_HAL_Driver/Src/stm32f0xx_hal_cortex.c 0x00000000   Number         0  stm32f0xx_hal_cortex.o ABSOLUTE
    ../Drivers/STM32F0xx_HAL_Driver/Src/stm32f0xx_hal_dma.c 0x00000000   Number         0  stm32f0xx_hal_dma.o ABSOLUTE
    ../Drivers/STM32F0xx_HAL_Driver/Src/stm32f0xx_hal_exti.c 0x00000000   Number         0  stm32f0xx_hal_exti.o ABSOLUTE
    ../Drivers/STM32F0xx_HAL_Driver/Src/stm32f0xx_hal_flash.c 0x00000000   Number         0  stm32f0xx_hal_flash.o ABSOLUTE
    ../Drivers/STM32F0xx_HAL_Driver/Src/stm32f0xx_hal_flash_ex.c 0x00000000   Number         0  stm32f0xx_hal_flash_ex.o ABSOLUTE
    ../Drivers/STM32F0xx_HAL_Driver/Src/stm32f0xx_hal_gpio.c 0x00000000   Number         0  stm32f0xx_hal_gpio.o ABSOLUTE
    ../Drivers/STM32F0xx_HAL_Driver/Src/stm32f0xx_hal_i2c.c 0x00000000   Number         0  stm32f0xx_hal_i2c.o ABSOLUTE
    ../Drivers/STM32F0xx_HAL_Driver/Src/stm32f0xx_hal_i2c_ex.c 0x00000000   Number         0  stm32f0xx_hal_i2c_ex.o ABSOLUTE
    ../Drivers/STM32F0xx_HAL_Driver/Src/stm32f0xx_hal_pwr.c 0x00000000   Number         0  stm32f0xx_hal_pwr.o ABSOLUTE
    ../Drivers/STM32F0xx_HAL_Driver/Src/stm32f0xx_hal_pwr_ex.c 0x00000000   Number         0  stm32f0xx_hal_pwr_ex.o ABSOLUTE
    ../Drivers/STM32F0xx_HAL_Driver/Src/stm32f0xx_hal_rcc.c 0x00000000   Number         0  stm32f0xx_hal_rcc.o ABSOLUTE
    ../Drivers/STM32F0xx_HAL_Driver/Src/stm32f0xx_hal_rcc_ex.c 0x00000000   Number         0  stm32f0xx_hal_rcc_ex.o ABSOLUTE
    ../Drivers/STM32F0xx_HAL_Driver/Src/stm32f0xx_hal_tim.c 0x00000000   Number         0  stm32f0xx_hal_tim.o ABSOLUTE
    ../Drivers/STM32F0xx_HAL_Driver/Src/stm32f0xx_hal_tim_ex.c 0x00000000   Number         0  stm32f0xx_hal_tim_ex.o ABSOLUTE
    ../clib/microlib/division.c              0x00000000   Number         0  idiv.o ABSOLUTE
    ../clib/microlib/division.c              0x00000000   Number         0  uldiv.o ABSOLUTE
    ../clib/microlib/division.c              0x00000000   Number         0  uidiv.o ABSOLUTE
    ../clib/microlib/init/entry.s            0x00000000   Number         0  entry10a.o ABSOLUTE
    ../clib/microlib/init/entry.s            0x00000000   Number         0  entry9a.o ABSOLUTE
    ../clib/microlib/init/entry.s            0x00000000   Number         0  entry8b.o ABSOLUTE
    ../clib/microlib/init/entry.s            0x00000000   Number         0  entry.o ABSOLUTE
    ../clib/microlib/init/entry.s            0x00000000   Number         0  entry8a.o ABSOLUTE
    ../clib/microlib/init/entry.s            0x00000000   Number         0  entry7b.o ABSOLUTE
    ../clib/microlib/init/entry.s            0x00000000   Number         0  entry10b.o ABSOLUTE
    ../clib/microlib/init/entry.s            0x00000000   Number         0  entry7a.o ABSOLUTE
    ../clib/microlib/init/entry.s            0x00000000   Number         0  entry9b.o ABSOLUTE
    ../clib/microlib/init/entry.s            0x00000000   Number         0  entry5.o ABSOLUTE
    ../clib/microlib/init/entry.s            0x00000000   Number         0  entry2.o ABSOLUTE
    ../clib/microlib/init/entry.s            0x00000000   Number         0  entry12b.o ABSOLUTE
    ../clib/microlib/init/entry.s            0x00000000   Number         0  entry12a.o ABSOLUTE
    ../clib/microlib/init/entry.s            0x00000000   Number         0  entry11b.o ABSOLUTE
    ../clib/microlib/init/entry.s            0x00000000   Number         0  entry11a.o ABSOLUTE
    ../clib/microlib/longlong.c              0x00000000   Number         0  llmul.o ABSOLUTE
    ../clib/microlib/longlong.c              0x00000000   Number         0  llushr.o ABSOLUTE
    ../clib/microlib/longlong.c              0x00000000   Number         0  llshl.o ABSOLUTE
    ../clib/microlib/malloc/malloc.c         0x00000000   Number         0  malloca.o ABSOLUTE
    ../clib/microlib/malloc/malloc.c         0x00000000   Number         0  malloc.o ABSOLUTE
    ../clib/microlib/malloc/malloc.c         0x00000000   Number         0  mallocr.o ABSOLUTE
    ../clib/microlib/malloc/malloc.c         0x00000000   Number         0  mallocra.o ABSOLUTE
    ../clib/microlib/malloc/mvars.c          0x00000000   Number         0  mvars.o ABSOLUTE
    ../clib/microlib/string/memcpy.c         0x00000000   Number         0  memcpyb.o ABSOLUTE
    ../clib/microlib/string/memcpy.c         0x00000000   Number         0  memcpya.o ABSOLUTE
    ../clib/microlib/string/memset.c         0x00000000   Number         0  memseta.o ABSOLUTE
    ..\Core\Src\main.c                       0x00000000   Number         0  main.o ABSOLUTE
    ..\Core\Src\sensirion_common.c           0x00000000   Number         0  sensirion_common.o ABSOLUTE
    ..\Core\Src\sensirion_configuration.c    0x00000000   Number         0  sensirion_configuration.o ABSOLUTE
    ..\Core\Src\sgp30.c                      0x00000000   Number         0  sgp30.o ABSOLUTE
    ..\Core\Src\sgp30_featureset.c           0x00000000   Number         0  sgp30_featureset.o ABSOLUTE
    ..\Core\Src\stm32f0xx_hal_msp.c          0x00000000   Number         0  stm32f0xx_hal_msp.o ABSOLUTE
    ..\Core\Src\stm32f0xx_it.c               0x00000000   Number         0  stm32f0xx_it.o ABSOLUTE
    ..\Core\Src\sw_i2c.c                     0x00000000   Number         0  sw_i2c.o ABSOLUTE
    ..\Core\Src\system_stm32f0xx.c           0x00000000   Number         0  system_stm32f0xx.o ABSOLUTE
    ..\Drivers\STM32F0xx_HAL_Driver\Src\stm32f0xx_hal.c 0x00000000   Number         0  stm32f0xx_hal.o ABSOLUTE
    ..\Drivers\STM32F0xx_HAL_Driver\Src\stm32f0xx_hal_cortex.c 0x00000000   Number         0  stm32f0xx_hal_cortex.o ABSOLUTE
    ..\Drivers\STM32F0xx_HAL_Driver\Src\stm32f0xx_hal_dma.c 0x00000000   Number         0  stm32f0xx_hal_dma.o ABSOLUTE
    ..\Drivers\STM32F0xx_HAL_Driver\Src\stm32f0xx_hal_exti.c 0x00000000   Number         0  stm32f0xx_hal_exti.o ABSOLUTE
    ..\Drivers\STM32F0xx_HAL_Driver\Src\stm32f0xx_hal_flash.c 0x00000000   Number         0  stm32f0xx_hal_flash.o ABSOLUTE
    ..\Drivers\STM32F0xx_HAL_Driver\Src\stm32f0xx_hal_flash_ex.c 0x00000000   Number         0  stm32f0xx_hal_flash_ex.o ABSOLUTE
    ..\Drivers\STM32F0xx_HAL_Driver\Src\stm32f0xx_hal_gpio.c 0x00000000   Number         0  stm32f0xx_hal_gpio.o ABSOLUTE
    ..\Drivers\STM32F0xx_HAL_Driver\Src\stm32f0xx_hal_i2c.c 0x00000000   Number         0  stm32f0xx_hal_i2c.o ABSOLUTE
    ..\Drivers\STM32F0xx_HAL_Driver\Src\stm32f0xx_hal_i2c_ex.c 0x00000000   Number         0  stm32f0xx_hal_i2c_ex.o ABSOLUTE
    ..\Drivers\STM32F0xx_HAL_Driver\Src\stm32f0xx_hal_pwr.c 0x00000000   Number         0  stm32f0xx_hal_pwr.o ABSOLUTE
    ..\Drivers\STM32F0xx_HAL_Driver\Src\stm32f0xx_hal_pwr_ex.c 0x00000000   Number         0  stm32f0xx_hal_pwr_ex.o ABSOLUTE
    ..\Drivers\STM32F0xx_HAL_Driver\Src\stm32f0xx_hal_rcc.c 0x00000000   Number         0  stm32f0xx_hal_rcc.o ABSOLUTE
    ..\Drivers\STM32F0xx_HAL_Driver\Src\stm32f0xx_hal_rcc_ex.c 0x00000000   Number         0  stm32f0xx_hal_rcc_ex.o ABSOLUTE
    ..\Drivers\STM32F0xx_HAL_Driver\Src\stm32f0xx_hal_tim.c 0x00000000   Number         0  stm32f0xx_hal_tim.o ABSOLUTE
    ..\Drivers\STM32F0xx_HAL_Driver\Src\stm32f0xx_hal_tim_ex.c 0x00000000   Number         0  stm32f0xx_hal_tim_ex.o ABSOLUTE
    ..\\Core\\Src\\sensirion_common.c        0x00000000   Number         0  sensirion_common.o ABSOLUTE
    ..\\Core\\Src\\sensirion_configuration.c 0x00000000   Number         0  sensirion_configuration.o ABSOLUTE
    ..\\Core\\Src\\sgp30.c                   0x00000000   Number         0  sgp30.o ABSOLUTE
    ..\\Core\\Src\\sgp30_featureset.c        0x00000000   Number         0  sgp30_featureset.o ABSOLUTE
    ..\\Core\\Src\\sw_i2c.c                  0x00000000   Number         0  sw_i2c.o ABSOLUTE
    dc.s                                     0x00000000   Number         0  dc.o ABSOLUTE
    handlers.s                               0x00000000   Number         0  handlers.o ABSOLUTE
    init.s                                   0x00000000   Number         0  init.o ABSOLUTE
    startup_stm32f030x6.s                    0x00000000   Number         0  startup_stm32f030x6.o ABSOLUTE
    RESET                                    0x08000000   Section      176  startup_stm32f030x6.o(RESET)
    .ARM.Collect$$$$00000000                 0x080000b0   Section        0  entry.o(.ARM.Collect$$$$00000000)
    .ARM.Collect$$$$00000001                 0x080000b0   Section        4  entry2.o(.ARM.Collect$$$$00000001)
    .ARM.Collect$$$$00000004                 0x080000b4   Section        4  entry5.o(.ARM.Collect$$$$00000004)
    .ARM.Collect$$$$00000008                 0x080000b8   Section        0  entry7b.o(.ARM.Collect$$$$00000008)
    .ARM.Collect$$$$0000000A                 0x080000b8   Section        0  entry8b.o(.ARM.Collect$$$$0000000A)
    .ARM.Collect$$$$0000000B                 0x080000b8   Section        8  entry9a.o(.ARM.Collect$$$$0000000B)
    .ARM.Collect$$$$0000000E                 0x080000c0   Section        4  entry12b.o(.ARM.Collect$$$$0000000E)
    .ARM.Collect$$$$0000000F                 0x080000c4   Section        0  entry10a.o(.ARM.Collect$$$$0000000F)
    .ARM.Collect$$$$00000011                 0x080000c4   Section        0  entry11a.o(.ARM.Collect$$$$00000011)
    .ARM.Collect$$$$00002712                 0x080000c4   Section        4  entry2.o(.ARM.Collect$$$$00002712)
    __lit__00000000                          0x080000c4   Data           4  entry2.o(.ARM.Collect$$$$00002712)
    .text                                    0x080000c8   Section       28  startup_stm32f030x6.o(.text)
    .text                                    0x080000e4   Section        0  uidiv.o(.text)
    .text                                    0x08000110   Section        0  idiv.o(.text)
    .text                                    0x08000138   Section        0  uldiv.o(.text)
    .text                                    0x08000198   Section        0  llushr.o(.text)
    .text                                    0x080001ba   Section        0  memcpya.o(.text)
    .text                                    0x080001de   Section        0  memseta.o(.text)
    .text                                    0x08000202   Section        0  llshl.o(.text)
    .text                                    0x08000224   Section       36  init.o(.text)
    i.Error_Handler                          0x08000248   Section        0  main.o(i.Error_Handler)
    i.HAL_Delay                              0x08000250   Section        0  stm32f0xx_hal.o(i.HAL_Delay)
    i.HAL_GPIO_Init                          0x0800027c   Section        0  stm32f0xx_hal_gpio.o(i.HAL_GPIO_Init)
    i.HAL_GPIO_ReadPin                       0x08000464   Section        0  stm32f0xx_hal_gpio.o(i.HAL_GPIO_ReadPin)
    i.HAL_GPIO_WritePin                      0x08000476   Section        0  stm32f0xx_hal_gpio.o(i.HAL_GPIO_WritePin)
    i.HAL_GetTick                            0x08000484   Section        0  stm32f0xx_hal.o(i.HAL_GetTick)
    i.HAL_I2CEx_ConfigAnalogFilter           0x08000490   Section        0  stm32f0xx_hal_i2c_ex.o(i.HAL_I2CEx_ConfigAnalogFilter)
    i.HAL_I2CEx_ConfigDigitalFilter          0x080004fe   Section        0  stm32f0xx_hal_i2c_ex.o(i.HAL_I2CEx_ConfigDigitalFilter)
    i.HAL_I2C_Init                           0x08000570   Section        0  stm32f0xx_hal_i2c.o(i.HAL_I2C_Init)
    i.HAL_I2C_MspInit                        0x08000644   Section        0  stm32f0xx_hal_msp.o(i.HAL_I2C_MspInit)
    i.HAL_I2C_Slave_Receive                  0x080006c8   Section        0  stm32f0xx_hal_i2c.o(i.HAL_I2C_Slave_Receive)
    i.HAL_I2C_Slave_Transmit                 0x0800084e   Section        0  stm32f0xx_hal_i2c.o(i.HAL_I2C_Slave_Transmit)
    i.HAL_IncTick                            0x080009f0   Section        0  stm32f0xx_hal.o(i.HAL_IncTick)
    i.HAL_Init                               0x08000a08   Section        0  stm32f0xx_hal.o(i.HAL_Init)
    i.HAL_InitTick                           0x08000a28   Section        0  stm32f0xx_hal.o(i.HAL_InitTick)
    i.HAL_MspInit                            0x08000a7c   Section        0  stm32f0xx_hal_msp.o(i.HAL_MspInit)
    i.HAL_NVIC_SetPriority                   0x08000abc   Section        0  stm32f0xx_hal_cortex.o(i.HAL_NVIC_SetPriority)
    i.HAL_RCCEx_PeriphCLKConfig              0x08000ad0   Section        0  stm32f0xx_hal_rcc_ex.o(i.HAL_RCCEx_PeriphCLKConfig)
    i.HAL_RCC_ClockConfig                    0x08000c20   Section        0  stm32f0xx_hal_rcc.o(i.HAL_RCC_ClockConfig)
    i.HAL_RCC_GetSysClockFreq                0x08000d8c   Section        0  stm32f0xx_hal_rcc.o(i.HAL_RCC_GetSysClockFreq)
    i.HAL_RCC_OscConfig                      0x08000e5c   Section        0  stm32f0xx_hal_rcc.o(i.HAL_RCC_OscConfig)
    i.HAL_SYSTICK_Config                     0x080013e8   Section        0  stm32f0xx_hal_cortex.o(i.HAL_SYSTICK_Config)
    i.HardFault_Handler                      0x08001420   Section        0  stm32f0xx_it.o(i.HardFault_Handler)
    i.I2C_Flush_TXDR                         0x08001424   Section        0  stm32f0xx_hal_i2c.o(i.I2C_Flush_TXDR)
    I2C_Flush_TXDR                           0x08001425   Thumb Code    50  stm32f0xx_hal_i2c.o(i.I2C_Flush_TXDR)
    i.I2C_IsAcknowledgeFailed                0x08001458   Section        0  stm32f0xx_hal_i2c.o(i.I2C_IsAcknowledgeFailed)
    I2C_IsAcknowledgeFailed                  0x08001459   Thumb Code   154  stm32f0xx_hal_i2c.o(i.I2C_IsAcknowledgeFailed)
    i.I2C_WaitOnFlagUntilTimeout             0x080014f8   Section        0  stm32f0xx_hal_i2c.o(i.I2C_WaitOnFlagUntilTimeout)
    I2C_WaitOnFlagUntilTimeout               0x080014f9   Thumb Code    88  stm32f0xx_hal_i2c.o(i.I2C_WaitOnFlagUntilTimeout)
    i.I2C_WaitOnRXNEFlagUntilTimeout         0x08001550   Section        0  stm32f0xx_hal_i2c.o(i.I2C_WaitOnRXNEFlagUntilTimeout)
    I2C_WaitOnRXNEFlagUntilTimeout           0x08001551   Thumb Code   170  stm32f0xx_hal_i2c.o(i.I2C_WaitOnRXNEFlagUntilTimeout)
    i.I2C_WaitOnSTOPFlagUntilTimeout         0x08001600   Section        0  stm32f0xx_hal_i2c.o(i.I2C_WaitOnSTOPFlagUntilTimeout)
    I2C_WaitOnSTOPFlagUntilTimeout           0x08001601   Thumb Code    90  stm32f0xx_hal_i2c.o(i.I2C_WaitOnSTOPFlagUntilTimeout)
    i.I2C_WaitOnTXISFlagUntilTimeout         0x0800165a   Section        0  stm32f0xx_hal_i2c.o(i.I2C_WaitOnTXISFlagUntilTimeout)
    I2C_WaitOnTXISFlagUntilTimeout           0x0800165b   Thumb Code    96  stm32f0xx_hal_i2c.o(i.I2C_WaitOnTXISFlagUntilTimeout)
    i.MX_GPIO_Init                           0x080016bc   Section        0  main.o(i.MX_GPIO_Init)
    MX_GPIO_Init                             0x080016bd   Thumb Code    84  main.o(i.MX_GPIO_Init)
    i.MX_I2C1_Init                           0x08001714   Section        0  main.o(i.MX_I2C1_Init)
    MX_I2C1_Init                             0x08001715   Thumb Code    80  main.o(i.MX_I2C1_Init)
    i.NMI_Handler                            0x08001770   Section        0  stm32f0xx_it.o(i.NMI_Handler)
    i.PendSV_Handler                         0x08001774   Section        0  stm32f0xx_it.o(i.PendSV_Handler)
    i.SVC_Handler                            0x08001776   Section        0  stm32f0xx_it.o(i.SVC_Handler)
    i.SysTick_Handler                        0x08001778   Section        0  stm32f0xx_it.o(i.SysTick_Handler)
    i.SystemClock_Config                     0x08001780   Section        0  main.o(i.SystemClock_Config)
    i.SystemInit                             0x080017f2   Section        0  system_stm32f0xx.o(i.SystemInit)
    i.__ARM_common_ll_muluu                  0x080017f4   Section        0  sgp30.o(i.__ARM_common_ll_muluu)
    i.__NVIC_SetPriority                     0x08001824   Section        0  stm32f0xx_hal_cortex.o(i.__NVIC_SetPriority)
    __NVIC_SetPriority                       0x08001825   Thumb Code   110  stm32f0xx_hal_cortex.o(i.__NVIC_SetPriority)
    i.__scatterload_copy                     0x0800189c   Section       14  handlers.o(i.__scatterload_copy)
    i.__scatterload_null                     0x080018aa   Section        2  handlers.o(i.__scatterload_null)
    i.__scatterload_zeroinit                 0x080018ac   Section       14  handlers.o(i.__scatterload_zeroinit)
    i.free                                   0x080018bc   Section        0  malloc.o(i.free)
    i.generate_fake_crc                      0x08001910   Section        0  main.o(i.generate_fake_crc)
    i.main                                   0x08001918   Section        0  main.o(i.main)
    i.malloc                                 0x08001998   Section        0  malloc.o(i.malloc)
    i.read_measurement                       0x08001a04   Section        0  sgp30.o(i.read_measurement)
    read_measurement                         0x08001a05   Thumb Code    54  sgp30.o(i.read_measurement)
    i.reverse_cal_co2_eq                     0x08001a40   Section        0  main.o(i.reverse_cal_co2_eq)
    i.reverse_cal_tvoc                       0x08001a5c   Section        0  main.o(i.reverse_cal_tvoc)
    i.sensirion_SCL_in                       0x08001a74   Section        0  sensirion_configuration.o(i.sensirion_SCL_in)
    i.sensirion_SCL_out                      0x08001a94   Section        0  sensirion_configuration.o(i.sensirion_SCL_out)
    i.sensirion_SDA_in                       0x08001ac0   Section        0  sensirion_configuration.o(i.sensirion_SDA_in)
    i.sensirion_SDA_out                      0x08001ae0   Section        0  sensirion_configuration.o(i.sensirion_SDA_out)
    i.sensirion_SDA_read                     0x08001b0c   Section        0  sensirion_configuration.o(i.sensirion_SDA_read)
    i.sensirion_common_check_crc             0x08001b22   Section        0  sensirion_common.o(i.sensirion_common_check_crc)
    i.sensirion_common_generate_crc          0x08001b40   Section        0  sensirion_common.o(i.sensirion_common_generate_crc)
    i.sensirion_i2c_init                     0x08001b7c   Section        0  sw_i2c.o(i.sensirion_i2c_init)
    i.sensirion_i2c_read                     0x08001b84   Section        0  sw_i2c.o(i.sensirion_i2c_read)
    i.sensirion_i2c_read_byte                0x08001bc6   Section        0  sw_i2c.o(i.sensirion_i2c_read_byte)
    sensirion_i2c_read_byte                  0x08001bc7   Thumb Code    98  sw_i2c.o(i.sensirion_i2c_read_byte)
    i.sensirion_i2c_start                    0x08001c28   Section        0  sw_i2c.o(i.sensirion_i2c_start)
    sensirion_i2c_start                      0x08001c29   Thumb Code    24  sw_i2c.o(i.sensirion_i2c_start)
    i.sensirion_i2c_stop                     0x08001c40   Section        0  sw_i2c.o(i.sensirion_i2c_stop)
    sensirion_i2c_stop                       0x08001c41   Thumb Code    34  sw_i2c.o(i.sensirion_i2c_stop)
    i.sensirion_i2c_write                    0x08001c62   Section        0  sw_i2c.o(i.sensirion_i2c_write)
    i.sensirion_i2c_write_byte               0x08001cac   Section        0  sw_i2c.o(i.sensirion_i2c_write_byte)
    sensirion_i2c_write_byte                 0x08001cad   Thumb Code   100  sw_i2c.o(i.sensirion_i2c_write_byte)
    i.sensirion_init_pins                    0x08001d10   Section        0  sensirion_configuration.o(i.sensirion_init_pins)
    i.sensirion_sleep_usec                   0x08001d40   Section        0  sensirion_configuration.o(i.sensirion_sleep_usec)
    i.sgp_detect_featureset_version          0x08001d4c   Section        0  sgp30.o(i.sgp_detect_featureset_version)
    sgp_detect_featureset_version            0x08001d4d   Thumb Code   142  sgp30.o(i.sgp_detect_featureset_version)
    i.sgp_get_profile_by_number              0x08001dec   Section        0  sgp30.o(i.sgp_get_profile_by_number)
    sgp_get_profile_by_number                0x08001ded   Thumb Code    62  sgp30.o(i.sgp_get_profile_by_number)
    i.sgp_i2c_read_words                     0x08001e30   Section        0  sgp30.o(i.sgp_i2c_read_words)
    sgp_i2c_read_words                       0x08001e31   Thumb Code   122  sgp30.o(i.sgp_i2c_read_words)
    i.sgp_i2c_read_words_from_cmd            0x08001eaa   Section        0  sgp30.o(i.sgp_i2c_read_words_from_cmd)
    sgp_i2c_read_words_from_cmd              0x08001eab   Thumb Code    42  sgp30.o(i.sgp_i2c_read_words_from_cmd)
    i.sgp_i2c_write                          0x08001ed4   Section        0  sgp30.o(i.sgp_i2c_write)
    sgp_i2c_write                            0x08001ed5   Thumb Code    30  sgp30.o(i.sgp_i2c_write)
    i.sgp_iaq_init                           0x08001ef2   Section        0  sgp30.o(i.sgp_iaq_init)
    i.sgp_measure_iaq_blocking_read          0x08001efc   Section        0  sgp30.o(i.sgp_measure_iaq_blocking_read)
    i.sgp_probe                              0x08001f28   Section        0  sgp30.o(i.sgp_probe)
    i.sgp_run_profile                        0x08002004   Section        0  sgp30.o(i.sgp_run_profile)
    sgp_run_profile                          0x08002005   Thumb Code    56  sgp30.o(i.sgp_run_profile)
    i.sgp_run_profile_by_number              0x08002040   Section        0  sgp30.o(i.sgp_run_profile_by_number)
    sgp_run_profile_by_number                0x08002041   Thumb Code    40  sgp30.o(i.sgp_run_profile_by_number)
    i.transmit_to_master                     0x08002068   Section        0  main.o(i.transmit_to_master)
    i.unpack_signals                         0x080020b0   Section        0  sgp30.o(i.unpack_signals)
    unpack_signals                           0x080020b1   Thumb Code   144  sgp30.o(i.unpack_signals)
    .constdata                               0x08002144   Section       24  sgp30.o(.constdata)
    sgp_cmd_get_serial_id                    0x08002144   Data           2  sgp30.o(.constdata)
    sgp_cmd_get_featureset                   0x08002146   Data           2  sgp30.o(.constdata)
    sgp_cmd_measure_test                     0x08002148   Data           2  sgp30.o(.constdata)
    sgp_features_unknown                     0x0800214c   Data          16  sgp30.o(.constdata)
    .constdata                               0x0800215c   Section      552  sgp30_featureset.o(.constdata)
    ETHANOL_SIGNAL_FS9                       0x08002160   Data          36  sgp30_featureset.o(.constdata)
    H2_SIGNAL_FS9                            0x08002184   Data          36  sgp30_featureset.o(.constdata)
    TVOC_PPB_FS9                             0x080021a8   Data          36  sgp30_featureset.o(.constdata)
    CO2_EQ_PPM                               0x080021cc   Data          36  sgp30_featureset.o(.constdata)
    BASELINE_WORD1                           0x080021f0   Data          36  sgp30_featureset.o(.constdata)
    BASELINE_WORD2                           0x08002214   Data          36  sgp30_featureset.o(.constdata)
    SGP_PROFILE_IAQ_INIT                     0x08002238   Data          48  sgp30_featureset.o(.constdata)
    SGP_PROFILE_IAQ_MEASURE9                 0x08002268   Data          48  sgp30_featureset.o(.constdata)
    SGP_PROFILE_IAQ_GET_BASELINE             0x08002298   Data          48  sgp30_featureset.o(.constdata)
    SGP_PROFILE_IAQ_SET_BASELINE             0x080022c8   Data          48  sgp30_featureset.o(.constdata)
    SGP_PROFILE_MEASURE_SIGNALS9             0x080022f8   Data          48  sgp30_featureset.o(.constdata)
    SGP_PROFILE_SET_ABSOLUTE_HUMIDITY        0x08002328   Data          48  sgp30_featureset.o(.constdata)
    supported_featureset_versions_fs9        0x08002358   Data           2  sgp30_featureset.o(.constdata)
    supported_featureset_versions_fs32       0x0800235a   Data           2  sgp30_featureset.o(.constdata)
    .constdata                               0x08002384   Section       80  sensirion_configuration.o(.constdata)
    .constdata                               0x080023d4   Section       24  system_stm32f0xx.o(.constdata)
    .data                                    0x20000000   Section       76  sgp30_featureset.o(.data)
    SGP_PROFILE_IAQ_MEASURE_SIGNALS9         0x20000000   Data           8  sgp30_featureset.o(.data)
    SGP_PROFILE_IAQ_GET_BASELINE_SIGNALS     0x20000008   Data           8  sgp30_featureset.o(.data)
    SGP_PROFILE_MEASURE_SIGNALS_SIGNALS9     0x20000010   Data           8  sgp30_featureset.o(.data)
    sgp_profiles9                            0x20000018   Data          20  sgp30_featureset.o(.data)
    sgp_profiles32                           0x2000002c   Data          24  sgp30_featureset.o(.data)
    .data                                    0x2000004c   Section       12  main.o(.data)
    .data                                    0x20000058   Section        9  stm32f0xx_hal.o(.data)
    .data                                    0x20000064   Section        4  system_stm32f0xx.o(.data)
    .data                                    0x20000068   Section        4  mvars.o(.data)
    .data                                    0x2000006c   Section        4  mvars.o(.data)
    .bss                                     0x20000070   Section     1576  sgp30.o(.bss)
    client_data                              0x20000070   Data        1576  sgp30.o(.bss)
    .bss                                     0x20000698   Section       76  main.o(.bss)
    HEAP                                     0x200006e8   Section      512  startup_stm32f030x6.o(HEAP)
    STACK                                    0x200008e8   Section     1024  startup_stm32f030x6.o(STACK)

    Global Symbols

    Symbol Name                              Value     Ov Type        Size  Object(Section)

    BuildAttributes$$THM_ISAv3M$S$PE$A:L22$X:L11$S22$IEEE1$IW$USESV6$~STKCKD$USESV7$~SHL$OSPACE$EBA8$MICROLIB$REQ8$PRES8$EABIv2 0x00000000   Number         0  anon$$obj.o ABSOLUTE
    __ARM_use_no_argv                        0x00000000   Number         0  main.o ABSOLUTE
    __arm_fini_                               - Undefined Weak Reference
    __cpp_initialize__aeabi_                  - Undefined Weak Reference
    __cxa_finalize                            - Undefined Weak Reference
    __decompress                              - Undefined Weak Reference
    _clock_init                               - Undefined Weak Reference
    _microlib_exit                            - Undefined Weak Reference
    __Vectors_Size                           0x000000b0   Number         0  startup_stm32f030x6.o ABSOLUTE
    __Vectors                                0x08000000   Data           4  startup_stm32f030x6.o(RESET)
    __Vectors_End                            0x080000b0   Data           0  startup_stm32f030x6.o(RESET)
    __main                                   0x080000b1   Thumb Code     0  entry.o(.ARM.Collect$$$$00000000)
    _main_stk                                0x080000b1   Thumb Code     0  entry2.o(.ARM.Collect$$$$00000001)
    _main_scatterload                        0x080000b5   Thumb Code     0  entry5.o(.ARM.Collect$$$$00000004)
    __main_after_scatterload                 0x080000b9   Thumb Code     0  entry5.o(.ARM.Collect$$$$00000004)
    _main_clock                              0x080000b9   Thumb Code     0  entry7b.o(.ARM.Collect$$$$00000008)
    _main_cpp_init                           0x080000b9   Thumb Code     0  entry8b.o(.ARM.Collect$$$$0000000A)
    _main_init                               0x080000b9   Thumb Code     0  entry9a.o(.ARM.Collect$$$$0000000B)
    __rt_lib_shutdown_fini                   0x080000c1   Thumb Code     0  entry12b.o(.ARM.Collect$$$$0000000E)
    __rt_final_cpp                           0x080000c5   Thumb Code     0  entry10a.o(.ARM.Collect$$$$0000000F)
    __rt_final_exit                          0x080000c5   Thumb Code     0  entry11a.o(.ARM.Collect$$$$00000011)
    Reset_Handler                            0x080000c9   Thumb Code     8  startup_stm32f030x6.o(.text)
    ADC1_IRQHandler                          0x080000db   Thumb Code     0  startup_stm32f030x6.o(.text)
    DMA1_Channel1_IRQHandler                 0x080000db   Thumb Code     0  startup_stm32f030x6.o(.text)
    DMA1_Channel2_3_IRQHandler               0x080000db   Thumb Code     0  startup_stm32f030x6.o(.text)
    DMA1_Channel4_5_IRQHandler               0x080000db   Thumb Code     0  startup_stm32f030x6.o(.text)
    EXTI0_1_IRQHandler                       0x080000db   Thumb Code     0  startup_stm32f030x6.o(.text)
    EXTI2_3_IRQHandler                       0x080000db   Thumb Code     0  startup_stm32f030x6.o(.text)
    EXTI4_15_IRQHandler                      0x080000db   Thumb Code     0  startup_stm32f030x6.o(.text)
    FLASH_IRQHandler                         0x080000db   Thumb Code     0  startup_stm32f030x6.o(.text)
    I2C1_IRQHandler                          0x080000db   Thumb Code     0  startup_stm32f030x6.o(.text)
    RCC_IRQHandler                           0x080000db   Thumb Code     0  startup_stm32f030x6.o(.text)
    RTC_IRQHandler                           0x080000db   Thumb Code     0  startup_stm32f030x6.o(.text)
    SPI1_IRQHandler                          0x080000db   Thumb Code     0  startup_stm32f030x6.o(.text)
    TIM14_IRQHandler                         0x080000db   Thumb Code     0  startup_stm32f030x6.o(.text)
    TIM16_IRQHandler                         0x080000db   Thumb Code     0  startup_stm32f030x6.o(.text)
    TIM17_IRQHandler                         0x080000db   Thumb Code     0  startup_stm32f030x6.o(.text)
    TIM1_BRK_UP_TRG_COM_IRQHandler           0x080000db   Thumb Code     0  startup_stm32f030x6.o(.text)
    TIM1_CC_IRQHandler                       0x080000db   Thumb Code     0  startup_stm32f030x6.o(.text)
    TIM3_IRQHandler                          0x080000db   Thumb Code     0  startup_stm32f030x6.o(.text)
    USART1_IRQHandler                        0x080000db   Thumb Code     0  startup_stm32f030x6.o(.text)
    WWDG_IRQHandler                          0x080000db   Thumb Code     0  startup_stm32f030x6.o(.text)
    __aeabi_uidiv                            0x080000e5   Thumb Code     0  uidiv.o(.text)
    __aeabi_uidivmod                         0x080000e5   Thumb Code    44  uidiv.o(.text)
    __aeabi_idiv                             0x08000111   Thumb Code     0  idiv.o(.text)
    __aeabi_idivmod                          0x08000111   Thumb Code    40  idiv.o(.text)
    __aeabi_uldivmod                         0x08000139   Thumb Code    96  uldiv.o(.text)
    __aeabi_llsr                             0x08000199   Thumb Code    34  llushr.o(.text)
    _ll_ushift_r                             0x08000199   Thumb Code     0  llushr.o(.text)
    __aeabi_memcpy                           0x080001bb   Thumb Code    36  memcpya.o(.text)
    __aeabi_memcpy4                          0x080001bb   Thumb Code     0  memcpya.o(.text)
    __aeabi_memcpy8                          0x080001bb   Thumb Code     0  memcpya.o(.text)
    __aeabi_memset                           0x080001df   Thumb Code    14  memseta.o(.text)
    __aeabi_memset4                          0x080001df   Thumb Code     0  memseta.o(.text)
    __aeabi_memset8                          0x080001df   Thumb Code     0  memseta.o(.text)
    __aeabi_memclr                           0x080001ed   Thumb Code     4  memseta.o(.text)
    __aeabi_memclr4                          0x080001ed   Thumb Code     0  memseta.o(.text)
    __aeabi_memclr8                          0x080001ed   Thumb Code     0  memseta.o(.text)
    _memset$wrapper                          0x080001f1   Thumb Code    18  memseta.o(.text)
    __aeabi_llsl                             0x08000203   Thumb Code    32  llshl.o(.text)
    _ll_shift_l                              0x08000203   Thumb Code     0  llshl.o(.text)
    __scatterload                            0x08000225   Thumb Code    28  init.o(.text)
    __scatterload_rt2                        0x08000225   Thumb Code     0  init.o(.text)
    Error_Handler                            0x08000249   Thumb Code     6  main.o(i.Error_Handler)
    HAL_Delay                                0x08000251   Thumb Code    38  stm32f0xx_hal.o(i.HAL_Delay)
    HAL_GPIO_Init                            0x0800027d   Thumb Code   464  stm32f0xx_hal_gpio.o(i.HAL_GPIO_Init)
    HAL_GPIO_ReadPin                         0x08000465   Thumb Code    18  stm32f0xx_hal_gpio.o(i.HAL_GPIO_ReadPin)
    HAL_GPIO_WritePin                        0x08000477   Thumb Code    12  stm32f0xx_hal_gpio.o(i.HAL_GPIO_WritePin)
    HAL_GetTick                              0x08000485   Thumb Code     6  stm32f0xx_hal.o(i.HAL_GetTick)
    HAL_I2CEx_ConfigAnalogFilter             0x08000491   Thumb Code   110  stm32f0xx_hal_i2c_ex.o(i.HAL_I2CEx_ConfigAnalogFilter)
    HAL_I2CEx_ConfigDigitalFilter            0x080004ff   Thumb Code   112  stm32f0xx_hal_i2c_ex.o(i.HAL_I2CEx_ConfigDigitalFilter)
    HAL_I2C_Init                             0x08000571   Thumb Code   208  stm32f0xx_hal_i2c.o(i.HAL_I2C_Init)
    HAL_I2C_MspInit                          0x08000645   Thumb Code   122  stm32f0xx_hal_msp.o(i.HAL_I2C_MspInit)
    HAL_I2C_Slave_Receive                    0x080006c9   Thumb Code   390  stm32f0xx_hal_i2c.o(i.HAL_I2C_Slave_Receive)
    HAL_I2C_Slave_Transmit                   0x0800084f   Thumb Code   418  stm32f0xx_hal_i2c.o(i.HAL_I2C_Slave_Transmit)
    HAL_IncTick                              0x080009f1   Thumb Code    16  stm32f0xx_hal.o(i.HAL_IncTick)
    HAL_Init                                 0x08000a09   Thumb Code    28  stm32f0xx_hal.o(i.HAL_Init)
    HAL_InitTick                             0x08000a29   Thumb Code    70  stm32f0xx_hal.o(i.HAL_InitTick)
    HAL_MspInit                              0x08000a7d   Thumb Code    60  stm32f0xx_hal_msp.o(i.HAL_MspInit)
    HAL_NVIC_SetPriority                     0x08000abd   Thumb Code    18  stm32f0xx_hal_cortex.o(i.HAL_NVIC_SetPriority)
    HAL_RCCEx_PeriphCLKConfig                0x08000ad1   Thumb Code   322  stm32f0xx_hal_rcc_ex.o(i.HAL_RCCEx_PeriphCLKConfig)
    HAL_RCC_ClockConfig                      0x08000c21   Thumb Code   342  stm32f0xx_hal_rcc.o(i.HAL_RCC_ClockConfig)
    HAL_RCC_GetSysClockFreq                  0x08000d8d   Thumb Code   162  stm32f0xx_hal_rcc.o(i.HAL_RCC_GetSysClockFreq)
    HAL_RCC_OscConfig                        0x08000e5d   Thumb Code  1416  stm32f0xx_hal_rcc.o(i.HAL_RCC_OscConfig)
    HAL_SYSTICK_Config                       0x080013e9   Thumb Code    46  stm32f0xx_hal_cortex.o(i.HAL_SYSTICK_Config)
    HardFault_Handler                        0x08001421   Thumb Code     4  stm32f0xx_it.o(i.HardFault_Handler)
    NMI_Handler                              0x08001771   Thumb Code     4  stm32f0xx_it.o(i.NMI_Handler)
    PendSV_Handler                           0x08001775   Thumb Code     2  stm32f0xx_it.o(i.PendSV_Handler)
    SVC_Handler                              0x08001777   Thumb Code     2  stm32f0xx_it.o(i.SVC_Handler)
    SysTick_Handler                          0x08001779   Thumb Code     8  stm32f0xx_it.o(i.SysTick_Handler)
    SystemClock_Config                       0x08001781   Thumb Code   114  main.o(i.SystemClock_Config)
    SystemInit                               0x080017f3   Thumb Code     2  system_stm32f0xx.o(i.SystemInit)
    __ARM_common_ll_muluu                    0x080017f5   Thumb Code    48  sgp30.o(i.__ARM_common_ll_muluu)
    __scatterload_copy                       0x0800189d   Thumb Code    14  handlers.o(i.__scatterload_copy)
    __scatterload_null                       0x080018ab   Thumb Code     2  handlers.o(i.__scatterload_null)
    __scatterload_zeroinit                   0x080018ad   Thumb Code    14  handlers.o(i.__scatterload_zeroinit)
    free                                     0x080018bd   Thumb Code    80  malloc.o(i.free)
    generate_fake_crc                        0x08001911   Thumb Code     6  main.o(i.generate_fake_crc)
    main                                     0x08001919   Thumb Code   106  main.o(i.main)
    malloc                                   0x08001999   Thumb Code    92  malloc.o(i.malloc)
    reverse_cal_co2_eq                       0x08001a41   Thumb Code    28  main.o(i.reverse_cal_co2_eq)
    reverse_cal_tvoc                         0x08001a5d   Thumb Code    24  main.o(i.reverse_cal_tvoc)
    sensirion_SCL_in                         0x08001a75   Thumb Code    28  sensirion_configuration.o(i.sensirion_SCL_in)
    sensirion_SCL_out                        0x08001a95   Thumb Code    40  sensirion_configuration.o(i.sensirion_SCL_out)
    sensirion_SDA_in                         0x08001ac1   Thumb Code    28  sensirion_configuration.o(i.sensirion_SDA_in)
    sensirion_SDA_out                        0x08001ae1   Thumb Code    40  sensirion_configuration.o(i.sensirion_SDA_out)
    sensirion_SDA_read                       0x08001b0d   Thumb Code    22  sensirion_configuration.o(i.sensirion_SDA_read)
    sensirion_common_check_crc               0x08001b23   Thumb Code    30  sensirion_common.o(i.sensirion_common_check_crc)
    sensirion_common_generate_crc            0x08001b41   Thumb Code    60  sensirion_common.o(i.sensirion_common_generate_crc)
    sensirion_i2c_init                       0x08001b7d   Thumb Code     8  sw_i2c.o(i.sensirion_i2c_init)
    sensirion_i2c_read                       0x08001b85   Thumb Code    66  sw_i2c.o(i.sensirion_i2c_read)
    sensirion_i2c_write                      0x08001c63   Thumb Code    74  sw_i2c.o(i.sensirion_i2c_write)
    sensirion_init_pins                      0x08001d11   Thumb Code    44  sensirion_configuration.o(i.sensirion_init_pins)
    sensirion_sleep_usec                     0x08001d41   Thumb Code    12  sensirion_configuration.o(i.sensirion_sleep_usec)
    sgp_iaq_init                             0x08001ef3   Thumb Code    10  sgp30.o(i.sgp_iaq_init)
    sgp_measure_iaq_blocking_read            0x08001efd   Thumb Code    38  sgp30.o(i.sgp_measure_iaq_blocking_read)
    sgp_probe                                0x08001f29   Thumb Code   208  sgp30.o(i.sgp_probe)
    transmit_to_master                       0x08002069   Thumb Code    58  main.o(i.transmit_to_master)
    PROFILE_NUMBER_MEASURE_SIGNALS           0x0800215c   Data           1  sgp30_featureset.o(.constdata)
    PROFILE_NUMBER_SET_ABSOLUTE_HUMIDITY     0x0800215d   Data           1  sgp30_featureset.o(.constdata)
    sgp_featureset9                          0x0800235c   Data          16  sgp30_featureset.o(.constdata)
    sgp_featureset32                         0x0800236c   Data          16  sgp30_featureset.o(.constdata)
    sgp_supported_featuresets                0x0800237c   Data           8  sgp30_featureset.o(.constdata)
    AHBPrescTable                            0x080023d4   Data          16  system_stm32f0xx.o(.constdata)
    APBPrescTable                            0x080023e4   Data           8  system_stm32f0xx.o(.constdata)
    Region$$Table$$Base                      0x080023ec   Number         0  anon$$obj.o(Region$$Table)
    Region$$Table$$Limit                     0x0800240c   Number         0  anon$$obj.o(Region$$Table)
    featuresets                              0x20000044   Data           8  sgp30_featureset.o(.data)
    received_data_size                       0x2000004c   Data           2  main.o(.data)
    transmitted_data_size                    0x2000004e   Data           2  main.o(.data)
    receiver_timeout                         0x20000050   Data           4  main.o(.data)
    transmitter_timeout                      0x20000054   Data           4  main.o(.data)
    uwTick                                   0x20000058   Data           4  stm32f0xx_hal.o(.data)
    uwTickPrio                               0x2000005c   Data           4  stm32f0xx_hal.o(.data)
    uwTickFreq                               0x20000060   Data           1  stm32f0xx_hal.o(.data)
    SystemCoreClock                          0x20000064   Data           4  system_stm32f0xx.o(.data)
    __microlib_freelist                      0x20000068   Data           4  mvars.o(.data)
    __microlib_freelist_initialised          0x2000006c   Data           4  mvars.o(.data)
    hi2c1                                    0x20000698   Data          76  main.o(.bss)
    __heap_base                              0x200006e8   Data           0  startup_stm32f030x6.o(HEAP)
    __heap_limit                             0x200008e8   Data           0  startup_stm32f030x6.o(HEAP)
    __initial_sp                             0x20000ce8   Data           0  startup_stm32f030x6.o(STACK)



==============================================================================

Memory Map of the image

  Image Entry point : 0x080000b1

  Load Region LR_IROM1 (Base: 0x08000000, Size: 0x0000247c, Max: 0x00004000, ABSOLUTE)

    Execution Region ER_IROM1 (Exec base: 0x08000000, Load base: 0x08000000, Size: 0x0000240c, Max: 0x00004000, ABSOLUTE)

    Exec Addr    Load Addr    Size         Type   Attr      Idx    E Section Name        Object

    0x08000000   0x08000000   0x000000b0   Data   RO            3    RESET               startup_stm32f030x6.o
    0x080000b0   0x080000b0   0x00000000   Code   RO         2096  * .ARM.Collect$$$$00000000  mc_p.l(entry.o)
    0x080000b0   0x080000b0   0x00000004   Code   RO         2143    .ARM.Collect$$$$00000001  mc_p.l(entry2.o)
    0x080000b4   0x080000b4   0x00000004   Code   RO         2146    .ARM.Collect$$$$00000004  mc_p.l(entry5.o)
    0x080000b8   0x080000b8   0x00000000   Code   RO         2148    .ARM.Collect$$$$00000008  mc_p.l(entry7b.o)
    0x080000b8   0x080000b8   0x00000000   Code   RO         2150    .ARM.Collect$$$$0000000A  mc_p.l(entry8b.o)
    0x080000b8   0x080000b8   0x00000008   Code   RO         2151    .ARM.Collect$$$$0000000B  mc_p.l(entry9a.o)
    0x080000c0   0x080000c0   0x00000004   Code   RO         2158    .ARM.Collect$$$$0000000E  mc_p.l(entry12b.o)
    0x080000c4   0x080000c4   0x00000000   Code   RO         2153    .ARM.Collect$$$$0000000F  mc_p.l(entry10a.o)
    0x080000c4   0x080000c4   0x00000000   Code   RO         2155    .ARM.Collect$$$$00000011  mc_p.l(entry11a.o)
    0x080000c4   0x080000c4   0x00000004   Code   RO         2144    .ARM.Collect$$$$00002712  mc_p.l(entry2.o)
    0x080000c8   0x080000c8   0x0000001c   Code   RO            4    .text               startup_stm32f030x6.o
    0x080000e4   0x080000e4   0x0000002c   Code   RO         2099    .text               mc_p.l(uidiv.o)
    0x08000110   0x08000110   0x00000028   Code   RO         2101    .text               mc_p.l(idiv.o)
    0x08000138   0x08000138   0x00000060   Code   RO         2103    .text               mc_p.l(uldiv.o)
    0x08000198   0x08000198   0x00000022   Code   RO         2107    .text               mc_p.l(llushr.o)
    0x080001ba   0x080001ba   0x00000024   Code   RO         2109    .text               mc_p.l(memcpya.o)
    0x080001de   0x080001de   0x00000024   Code   RO         2111    .text               mc_p.l(memseta.o)
    0x08000202   0x08000202   0x00000020   Code   RO         2159    .text               mc_p.l(llshl.o)
    0x08000222   0x08000222   0x00000002   PAD
    0x08000224   0x08000224   0x00000024   Code   RO         2163    .text               mc_p.l(init.o)
    0x08000248   0x08000248   0x00000006   Code   RO          484    i.Error_Handler     main.o
    0x0800024e   0x0800024e   0x00000002   PAD
    0x08000250   0x08000250   0x0000002c   Code   RO         1261    i.HAL_Delay         stm32f0xx_hal.o
    0x0800027c   0x0800027c   0x000001e8   Code   RO         1417    i.HAL_GPIO_Init     stm32f0xx_hal_gpio.o
    0x08000464   0x08000464   0x00000012   Code   RO         1419    i.HAL_GPIO_ReadPin  stm32f0xx_hal_gpio.o
    0x08000476   0x08000476   0x0000000c   Code   RO         1421    i.HAL_GPIO_WritePin  stm32f0xx_hal_gpio.o
    0x08000482   0x08000482   0x00000002   PAD
    0x08000484   0x08000484   0x0000000c   Code   RO         1265    i.HAL_GetTick       stm32f0xx_hal.o
    0x08000490   0x08000490   0x0000006e   Code   RO         1094    i.HAL_I2CEx_ConfigAnalogFilter  stm32f0xx_hal_i2c_ex.o
    0x080004fe   0x080004fe   0x00000070   Code   RO         1095    i.HAL_I2CEx_ConfigDigitalFilter  stm32f0xx_hal_i2c_ex.o
    0x0800056e   0x0800056e   0x00000002   PAD
    0x08000570   0x08000570   0x000000d4   Code   RO          647    i.HAL_I2C_Init      stm32f0xx_hal_i2c.o
    0x08000644   0x08000644   0x00000084   Code   RO          605    i.HAL_I2C_MspInit   stm32f0xx_hal_msp.o
    0x080006c8   0x080006c8   0x00000186   Code   RO          675    i.HAL_I2C_Slave_Receive  stm32f0xx_hal_i2c.o
    0x0800084e   0x0800084e   0x000001a2   Code   RO          682    i.HAL_I2C_Slave_Transmit  stm32f0xx_hal_i2c.o
    0x080009f0   0x080009f0   0x00000018   Code   RO         1271    i.HAL_IncTick       stm32f0xx_hal.o
    0x08000a08   0x08000a08   0x00000020   Code   RO         1272    i.HAL_Init          stm32f0xx_hal.o
    0x08000a28   0x08000a28   0x00000054   Code   RO         1273    i.HAL_InitTick      stm32f0xx_hal.o
    0x08000a7c   0x08000a7c   0x00000040   Code   RO          606    i.HAL_MspInit       stm32f0xx_hal_msp.o
    0x08000abc   0x08000abc   0x00000012   Code   RO         1580    i.HAL_NVIC_SetPriority  stm32f0xx_hal_cortex.o
    0x08000ace   0x08000ace   0x00000002   PAD
    0x08000ad0   0x08000ad0   0x00000150   Code   RO         1226    i.HAL_RCCEx_PeriphCLKConfig  stm32f0xx_hal_rcc_ex.o
    0x08000c20   0x08000c20   0x0000016c   Code   RO         1133    i.HAL_RCC_ClockConfig  stm32f0xx_hal_rcc.o
    0x08000d8c   0x08000d8c   0x000000d0   Code   RO         1141    i.HAL_RCC_GetSysClockFreq  stm32f0xx_hal_rcc.o
    0x08000e5c   0x08000e5c   0x0000058c   Code   RO         1144    i.HAL_RCC_OscConfig  stm32f0xx_hal_rcc.o
    0x080013e8   0x080013e8   0x00000038   Code   RO         1584    i.HAL_SYSTICK_Config  stm32f0xx_hal_cortex.o
    0x08001420   0x08001420   0x00000004   Code   RO          557    i.HardFault_Handler  stm32f0xx_it.o
    0x08001424   0x08001424   0x00000032   Code   RO          694    i.I2C_Flush_TXDR    stm32f0xx_hal_i2c.o
    0x08001456   0x08001456   0x00000002   PAD
    0x08001458   0x08001458   0x000000a0   Code   RO          702    i.I2C_IsAcknowledgeFailed  stm32f0xx_hal_i2c.o
    0x080014f8   0x080014f8   0x00000058   Code   RO          711    i.I2C_WaitOnFlagUntilTimeout  stm32f0xx_hal_i2c.o
    0x08001550   0x08001550   0x000000b0   Code   RO          712    i.I2C_WaitOnRXNEFlagUntilTimeout  stm32f0xx_hal_i2c.o
    0x08001600   0x08001600   0x0000005a   Code   RO          713    i.I2C_WaitOnSTOPFlagUntilTimeout  stm32f0xx_hal_i2c.o
    0x0800165a   0x0800165a   0x00000060   Code   RO          714    i.I2C_WaitOnTXISFlagUntilTimeout  stm32f0xx_hal_i2c.o
    0x080016ba   0x080016ba   0x00000002   PAD
    0x080016bc   0x080016bc   0x00000058   Code   RO          485    i.MX_GPIO_Init      main.o
    0x08001714   0x08001714   0x0000005c   Code   RO          486    i.MX_I2C1_Init      main.o
    0x08001770   0x08001770   0x00000004   Code   RO          558    i.NMI_Handler       stm32f0xx_it.o
    0x08001774   0x08001774   0x00000002   Code   RO          559    i.PendSV_Handler    stm32f0xx_it.o
    0x08001776   0x08001776   0x00000002   Code   RO          560    i.SVC_Handler       stm32f0xx_it.o
    0x08001778   0x08001778   0x00000008   Code   RO          561    i.SysTick_Handler   stm32f0xx_it.o
    0x08001780   0x08001780   0x00000072   Code   RO          487    i.SystemClock_Config  main.o
    0x080017f2   0x080017f2   0x00000002   Code   RO         2066    i.SystemInit        system_stm32f0xx.o
    0x080017f4   0x080017f4   0x00000030   Code   RO          316    i.__ARM_common_ll_muluu  sgp30.o
    0x08001824   0x08001824   0x00000078   Code   RO         1586    i.__NVIC_SetPriority  stm32f0xx_hal_cortex.o
    0x0800189c   0x0800189c   0x0000000e   Code   RO         2167    i.__scatterload_copy  mc_p.l(handlers.o)
    0x080018aa   0x080018aa   0x00000002   Code   RO         2168    i.__scatterload_null  mc_p.l(handlers.o)
    0x080018ac   0x080018ac   0x0000000e   Code   RO         2169    i.__scatterload_zeroinit  mc_p.l(handlers.o)
    0x080018ba   0x080018ba   0x00000002   PAD
    0x080018bc   0x080018bc   0x00000054   Code   RO         2115    i.free              mc_p.l(malloc.o)
    0x08001910   0x08001910   0x00000006   Code   RO          488    i.generate_fake_crc  main.o
    0x08001916   0x08001916   0x00000002   PAD
    0x08001918   0x08001918   0x00000080   Code   RO          489    i.main              main.o
    0x08001998   0x08001998   0x0000006c   Code   RO         2116    i.malloc            mc_p.l(malloc.o)
    0x08001a04   0x08001a04   0x0000003c   Code   RO          128    i.read_measurement  sgp30.o
    0x08001a40   0x08001a40   0x0000001c   Code   RO          490    i.reverse_cal_co2_eq  main.o
    0x08001a5c   0x08001a5c   0x00000018   Code   RO          491    i.reverse_cal_tvoc  main.o
    0x08001a74   0x08001a74   0x00000020   Code   RO          360    i.sensirion_SCL_in  sensirion_configuration.o
    0x08001a94   0x08001a94   0x0000002c   Code   RO          361    i.sensirion_SCL_out  sensirion_configuration.o
    0x08001ac0   0x08001ac0   0x00000020   Code   RO          363    i.sensirion_SDA_in  sensirion_configuration.o
    0x08001ae0   0x08001ae0   0x0000002c   Code   RO          364    i.sensirion_SDA_out  sensirion_configuration.o
    0x08001b0c   0x08001b0c   0x00000016   Code   RO          365    i.sensirion_SDA_read  sensirion_configuration.o
    0x08001b22   0x08001b22   0x0000001e   Code   RO           12    i.sensirion_common_check_crc  sensirion_common.o
    0x08001b40   0x08001b40   0x0000003c   Code   RO           13    i.sensirion_common_generate_crc  sensirion_common.o
    0x08001b7c   0x08001b7c   0x00000008   Code   RO          429    i.sensirion_i2c_init  sw_i2c.o
    0x08001b84   0x08001b84   0x00000042   Code   RO          430    i.sensirion_i2c_read  sw_i2c.o
    0x08001bc6   0x08001bc6   0x00000062   Code   RO          431    i.sensirion_i2c_read_byte  sw_i2c.o
    0x08001c28   0x08001c28   0x00000018   Code   RO          432    i.sensirion_i2c_start  sw_i2c.o
    0x08001c40   0x08001c40   0x00000022   Code   RO          433    i.sensirion_i2c_stop  sw_i2c.o
    0x08001c62   0x08001c62   0x0000004a   Code   RO          434    i.sensirion_i2c_write  sw_i2c.o
    0x08001cac   0x08001cac   0x00000064   Code   RO          435    i.sensirion_i2c_write_byte  sw_i2c.o
    0x08001d10   0x08001d10   0x00000030   Code   RO          366    i.sensirion_init_pins  sensirion_configuration.o
    0x08001d40   0x08001d40   0x0000000c   Code   RO          367    i.sensirion_sleep_usec  sensirion_configuration.o
    0x08001d4c   0x08001d4c   0x000000a0   Code   RO          129    i.sgp_detect_featureset_version  sgp30.o
    0x08001dec   0x08001dec   0x00000044   Code   RO          135    i.sgp_get_profile_by_number  sgp30.o
    0x08001e30   0x08001e30   0x0000007a   Code   RO          136    i.sgp_i2c_read_words  sgp30.o
    0x08001eaa   0x08001eaa   0x0000002a   Code   RO          137    i.sgp_i2c_read_words_from_cmd  sgp30.o
    0x08001ed4   0x08001ed4   0x0000001e   Code   RO          138    i.sgp_i2c_write     sgp30.o
    0x08001ef2   0x08001ef2   0x0000000a   Code   RO          139    i.sgp_iaq_init      sgp30.o
    0x08001efc   0x08001efc   0x0000002c   Code   RO          143    i.sgp_measure_iaq_blocking_read  sgp30.o
    0x08001f28   0x08001f28   0x000000dc   Code   RO          149    i.sgp_probe         sgp30.o
    0x08002004   0x08002004   0x0000003c   Code   RO          154    i.sgp_run_profile   sgp30.o
    0x08002040   0x08002040   0x00000028   Code   RO          155    i.sgp_run_profile_by_number  sgp30.o
    0x08002068   0x08002068   0x00000048   Code   RO          492    i.transmit_to_master  main.o
    0x080020b0   0x080020b0   0x00000094   Code   RO          158    i.unpack_signals    sgp30.o
    0x08002144   0x08002144   0x00000018   Data   RO          160    .constdata          sgp30.o
    0x0800215c   0x0800215c   0x00000228   Data   RO          336    .constdata          sgp30_featureset.o
    0x08002384   0x08002384   0x00000050   Data   RO          368    .constdata          sensirion_configuration.o
    0x080023d4   0x080023d4   0x00000018   Data   RO         2067    .constdata          system_stm32f0xx.o
    0x080023ec   0x080023ec   0x00000020   Data   RO         2165    Region$$Table       anon$$obj.o


    Execution Region RW_IRAM1 (Exec base: 0x20000000, Load base: 0x0800240c, Size: 0x00000ce8, Max: 0x00001000, ABSOLUTE)

    Exec Addr    Load Addr    Size         Type   Attr      Idx    E Section Name        Object

    0x20000000   0x0800240c   0x0000004c   Data   RW          337    .data               sgp30_featureset.o
    0x2000004c   0x08002458   0x0000000c   Data   RW          494    .data               main.o
    0x20000058   0x08002464   0x00000009   Data   RW         1279    .data               stm32f0xx_hal.o
    0x20000061   0x0800246d   0x00000003   PAD
    0x20000064   0x08002470   0x00000004   Data   RW         2068    .data               system_stm32f0xx.o
    0x20000068   0x08002474   0x00000004   Data   RW         2161    .data               mc_p.l(mvars.o)
    0x2000006c   0x08002478   0x00000004   Data   RW         2162    .data               mc_p.l(mvars.o)
    0x20000070        -       0x00000628   Zero   RW          159    .bss                sgp30.o
    0x20000698        -       0x0000004c   Zero   RW          493    .bss                main.o
    0x200006e4   0x0800247c   0x00000004   PAD
    0x200006e8        -       0x00000200   Zero   RW            2    HEAP                startup_stm32f030x6.o
    0x200008e8        -       0x00000400   Zero   RW            1    STACK               startup_stm32f030x6.o


==============================================================================

Image component sizes


      Code (inc. data)   RO Data    RW Data    ZI Data      Debug   Object Name

       558         52          0         12         76       5443   main.o
        90          0          0          0          0     228589   sensirion_common.o
       234         20         80          0          0       4088   sensirion_configuration.o
      1052         56         24          0       1576      11379   sgp30.o
         0          0        552         76          0       3653   sgp30_featureset.o
        28          8        176          0       1536        616   startup_stm32f030x6.o
       196         38          0          9          0       7701   stm32f0xx_hal.o
       194         20          0          0          0       9652   stm32f0xx_hal_cortex.o
       518         24          0          0          0       2787   stm32f0xx_hal_gpio.o
      1680         16          0          0          0       9076   stm32f0xx_hal_i2c.o
       222          0          0          0          0       1855   stm32f0xx_hal_i2c_ex.o
       196         14          0          0          0       1468   stm32f0xx_hal_msp.o
      1992         86          0          0          0       3944   stm32f0xx_hal_rcc.o
       336         14          0          0          0       1364   stm32f0xx_hal_rcc_ex.o
        20          0          0          0          0       2075   stm32f0xx_it.o
       404          0          0          0          0       4316   sw_i2c.o
         2          0         24          4          0       1075   system_stm32f0xx.o

    ----------------------------------------------------------------------
      7736        348        888        104       3192     299081   Object Totals
         0          0         32          0          0          0   (incl. Generated)
        14          0          0          3          4          0   (incl. Padding)

    ----------------------------------------------------------------------

      Code (inc. data)   RO Data    RW Data    ZI Data      Debug   Library Member Name

         0          0          0          0          0          0   entry.o
         0          0          0          0          0          0   entry10a.o
         0          0          0          0          0          0   entry11a.o
         4          0          0          0          0          0   entry12b.o
         8          4          0          0          0          0   entry2.o
         4          0          0          0          0          0   entry5.o
         0          0          0          0          0          0   entry7b.o
         0          0          0          0          0          0   entry8b.o
         8          4          0          0          0          0   entry9a.o
        30          0          0          0          0          0   handlers.o
        40          0          0          0          0         72   idiv.o
        36          8          0          0          0         68   init.o
        32          0          0          0          0         68   llshl.o
        34          0          0          0          0         68   llushr.o
       192         20          0          0          0        144   malloc.o
        36          0          0          0          0         60   memcpya.o
        36          0          0          0          0        100   memseta.o
         0          0          0          8          0          0   mvars.o
        44          0          0          0          0         72   uidiv.o
        96          0          0          0          0         84   uldiv.o

    ----------------------------------------------------------------------
       604         36          0          8          0        736   Library Totals
         4          0          0          0          0          0   (incl. Padding)

    ----------------------------------------------------------------------

      Code (inc. data)   RO Data    RW Data    ZI Data      Debug   Library Name

       600         36          0          8          0        736   mc_p.l

    ----------------------------------------------------------------------
       604         36          0          8          0        736   Library Totals

    ----------------------------------------------------------------------

==============================================================================


      Code (inc. data)   RO Data    RW Data    ZI Data      Debug   

      8340        384        888        112       3192     296669   Grand Totals
      8340        384        888        112       3192     296669   ELF Image Totals
      8340        384        888        112          0          0   ROM Totals

==============================================================================

    Total RO  Size (Code + RO Data)                 9228 (   9.01kB)
    Total RW  Size (RW Data + ZI Data)              3304 (   3.23kB)
    Total ROM Size (Code + RO Data + RW Data)       9340 (   9.12kB)

==============================================================================

